subject_exact_state_id=da6a8c34282791ccf6654c6f181c4e5869b5d51b
command=fresh exact-state workspace; pinned Python package setup; Jujutsu baseline job command; scripts/verify-local.sh all
Created workspace in "../../gordian-atom2-acceptance.nVrtcL/workspace"
Working copy  (@) now at: sspsvulm 22478b7f (empty) (no description set)
Parent commit (@-)      : kktynpwk da6a8c34 Atom: #2 — stabilize Rust, formal, Python, and CI foundations
Added 224 files, modified 0 files, removed 0 files
Obtaining file:///tmp/gordian-atom2-acceptance.nVrtcL/workspace/orchestration
  Installing build dependencies: started
  Installing build dependencies: finished with status 'done'
  Checking if build backend supports build_editable: started
  Checking if build backend supports build_editable: finished with status 'done'
  Getting requirements to build editable: started
  Getting requirements to build editable: finished with status 'done'
  Installing backend dependencies: started
  Installing backend dependencies: finished with status 'done'
  Preparing editable metadata (pyproject.toml): started
  Preparing editable metadata (pyproject.toml): finished with status 'done'
Collecting ruff==0.16.5 (from gordian-orchestration==0.1.0)
  Using cached ruff-0.16.5-py3-none-manylinux_2_17_x86_64.manylinux2014_x86_64.whl.metadata (26 kB)
Using cached ruff-0.16.5-py3-none-manylinux_2_17_x86_64.manylinux2014_x86_64.whl (10.3 MB)
Building wheels for collected packages: gordian-orchestration
  Building editable for gordian-orchestration (pyproject.toml): started
  Building editable for gordian-orchestration (pyproject.toml): finished with status 'done'
  Created wheel for gordian-orchestration: filename=gordian_orchestration-0.1.0-py3-none-any.whl size=1613 sha256=7ff96b72080860536f00f92ad18b4c38c2c144852104bf2e67a44cfd7d7c469d
  Stored in directory: /tmp/pip-ephem-wheel-cache-p3od_rz2/wheels/47/6c/27/c22e08af34459318492e2cc970d114d22bf20b20a3d89445e4
Successfully built gordian-orchestration
Installing collected packages: ruff, gordian-orchestration

Successfully installed gordian-orchestration-0.1.0 ruff-0.16.5
installed Python tooling at /tmp/gordian-atom2-acceptance.nVrtcL/tools/python-env-3.14.7; add /tmp/gordian-atom2-acceptance.nVrtcL/tools/python-env-3.14.7/bin to PATH
OK: runtime toolchain matches repository pins (rust lean python github cargo-deny ruff)
Initialized repo in "."
Working copy  (@) now at: nwmyltyk c5d5cdaf (empty) (no description set)
Parent commit (@-)      : tkwvnwwq df9c340b base
Working copy  (@) now at: tkwvnwwq df9c340b base
Parent commit (@-)      : zzzzzzzz 00000000 (empty) (no description set)
Working copy  (@) now at: tkwvnwwq a1cebb3a base rewritten
Parent commit (@-)      : zzzzzzzz 00000000 (empty) (no description set)
Working copy  (@) now at: ttpylmnt 59fdf4b7 (empty) (no description set)
Parent commit (@-)      : tkwvnwwq a1cebb3a base rewritten
Working copy  (@) now at: vrnvxwsr 4dc387bf (empty) (no description set)
Parent commit (@-)      : ttpylmnt 4a88d1fc fixture root
Working copy  (@) now at: qypyqqux ad613947 (empty) (no description set)
Parent commit (@-)      : ttpylmnt 4a88d1fc fixture root
Working copy  (@) now at: mprnsxwt 9815bd3a (empty) (no description set)
Parent commit (@-)      : qypyqqux aa57e081 left
Working copy  (@) now at: xollpzlt 9010f6f4 (empty) right
Parent commit (@-)      : ttpylmnt 4a88d1fc fixture root
Added 0 files, modified 0 files, removed 1 files
Working copy  (@) now at: rrkmzuxr f204f5f1 (empty) (no description set)
Parent commit (@-)      : xollpzlt 9cfa9e83 right
Working copy  (@) now at: yyvryvsr 6695574a (empty) child
Parent commit (@-)      : qypyqqux aa57e081 left
Added 1 files, modified 0 files, removed 1 files
Working copy  (@) now at: txrswxzu f13de69a (empty) (no description set)
Parent commit (@-)      : yyvryvsr cd8aec27 child
Created workspace in "../isolated-workspace"
Working copy  (@) now at: wyqvqmwo 09cef737 (empty) (no description set)
Parent commit (@-)      : ttpylmnt 4a88d1fc fixture root
Added 2 files, modified 0 files, removed 0 files
Working copy  (@) now at: yyzxntnt 24624eff (empty) integration
Parent commit (@-)      : qypyqqux aa57e081 left
Parent commit (@-)      : xollpzlt 9cfa9e83 right
Added 1 files, modified 0 files, removed 1 files
Working copy  (@) now at: kzsmkkyz 9ce58c50 (empty) (no description set)
Parent commit (@-)      : yyzxntnt d789f68d (empty) integration
Initialized repo in "."
Working copy  (@) now at: ytzlxxtu f520e4b8 (empty) (no description set)
Parent commit (@-)      : vmwmsuvt 30891d07 base
Working copy  (@) now at: pyotsrpl 3c2bdcae (empty) left
Parent commit (@-)      : vmwmsuvt 30891d07 base
Working copy  (@) now at: rvzuxpqs 69a68b78 (empty) (no description set)
Parent commit (@-)      : pyotsrpl 9d5d3398 left
Working copy  (@) now at: umuoxpzx 9c360737 (empty) right
Parent commit (@-)      : vmwmsuvt 30891d07 base
Added 0 files, modified 1 files, removed 0 files
Working copy  (@) now at: vmonvxwy 75ab7b35 (empty) (no description set)
Parent commit (@-)      : umuoxpzx 530091e5 right
Working copy  (@) now at: qpsmotxx 60d5a1c1 (conflict) (empty) conflict
Parent commit (@-)      : pyotsrpl 9d5d3398 left
Parent commit (@-)      : umuoxpzx 530091e5 right
Added 0 files, modified 1 files, removed 0 files
Warning: There are unresolved conflicts at these paths:
shared.txt    2-sided conflict
Working copy  (@) now at: qpsmotxx 3f2b72eb conflict
Parent commit (@-)      : pyotsrpl 9d5d3398 left
Parent commit (@-)      : umuoxpzx 530091e5 right
Added 0 files, modified 1 files, removed 0 files
Working copy  (@) now at: vqulyqmn ad1c651a (empty) (no description set)
Parent commit (@-)      : qpsmotxx 2eb9f019 repaired
Initialized repo in "."
Working copy  (@) now at: lkkuxroy 21328ae9 (empty) (no description set)
Parent commit (@-)      : qmotrork c855db39 base
Created 1 bookmarks pointing to qmotrork c855db39 restore-marker | base
Working copy  (@) now at: zmwnqosy 4240063e (empty) mutation
Parent commit (@-)      : qmotrork c855db39 restore-marker | base
Working copy  (@) now at: ulqnlzrr 6ecea6b1 (empty) (no description set)
Parent commit (@-)      : zmwnqosy f331eeda mutation
Moved 1 bookmarks to zmwnqosy f331eeda restore-marker* | mutation
Restored to operation: 1972ea507b82 (2026-08-31 15:37:58) create bookmark restore-marker pointing to commit c855db396fbbbd23f341ba6f841721687c6bf502
Working copy  (@) now at: lkkuxroy 21328ae9 (empty) (no description set)
Parent commit (@-)      : qmotrork c855db39 restore-marker | base
Added 0 files, modified 0 files, removed 1 files
Initialized repo in "."
Working copy  (@) now at: rsytwrqo 3ba01f54 (empty) (no description set)
Parent commit (@-)      : zxmnypyw de5a6401 tagged
Created 1 tags pointing to zxmnypyw de5a6401 tagged
Jujutsu contract fixtures passed (jj-baseline-contract/disposable-repository)
OK: runtime toolchain matches repository pins (rust cargo-deny)
   Compiling proc-macro2 v1.0.107
   Compiling quote v1.0.47
   Compiling unicode-ident v1.0.24
    Checking utf8parse v0.2.2
   Compiling serde_core v1.0.229
    Checking colorchoice v1.0.5
    Checking is_terminal_polyfill v1.70.2
    Checking anstyle v1.0.14
   Compiling zmij v1.0.23
    Checking anstyle-query v1.1.5
   Compiling serde v1.0.229
    Checking hashbrown v0.17.1
   Compiling serde_json v1.0.151
    Checking strsim v0.11.1
    Checking foldhash v0.1.5
    Checking anstyle-parse v1.0.0
   Compiling heck v0.5.0
    Checking clap_lex v1.1.0
   Compiling anyhow v1.0.104
    Checking anstream v1.0.0
    Checking equivalent v1.0.2
    Checking hashbrown v0.15.5
    Checking itoa v1.0.18
    Checking fixedbitset v0.5.7
    Checking memchr v2.8.3
    Checking clap_builder v4.6.6
    Checking indexmap v2.14.1
   Compiling syn v3.0.4
    Checking petgraph v0.8.3
   Compiling clap_derive v4.6.4
   Compiling serde_derive v1.0.229
    Checking clap v4.6.6
    Checking gordian-kg v0.1.0 (/tmp/gordian-atom2-acceptance.nVrtcL/workspace/crates/gordian-kg)
    Finished `dev` profile [unoptimized + debuginfo] target(s) in 5.59s
   Compiling utf8parse v0.2.2
   Compiling anstyle-query v1.1.5
   Compiling colorchoice v1.0.5
   Compiling anstyle v1.0.14
   Compiling is_terminal_polyfill v1.70.2
   Compiling hashbrown v0.17.1
   Compiling equivalent v1.0.2
   Compiling clap_lex v1.1.0
   Compiling serde_core v1.0.229
   Compiling foldhash v0.1.5
   Compiling strsim v0.11.1
   Compiling zmij v1.0.23
   Compiling memchr v2.8.3
   Compiling itoa v1.0.18
   Compiling anstyle-parse v1.0.0
   Compiling fixedbitset v0.5.7
   Compiling anyhow v1.0.104
   Compiling hashbrown v0.15.5
   Compiling anstream v1.0.0
   Compiling clap_builder v4.6.6
   Compiling indexmap v2.14.1
   Compiling petgraph v0.8.3
   Compiling serde v1.0.229
   Compiling serde_json v1.0.151
   Compiling clap v4.6.6
   Compiling gordian-kg v0.1.0 (/tmp/gordian-atom2-acceptance.nVrtcL/workspace/crates/gordian-kg)
    Finished `test` profile [unoptimized + debuginfo] target(s) in 5.09s
     Running unittests src/lib.rs (target/debug/deps/gordian_kg-684c7518c9316092)

running 24 tests
test tests::a_detached_audit_skips_the_on_disk_rules ... ok
test tests::acyclic_evidence_graph_reports_no_cycle ... ok
test tests::an_external_vocabulary_replaces_the_built_in_one ... ok
test tests::an_unenumerated_class_accepts_any_status ... ok
test tests::audit_rule_registry_has_no_duplicates ... ok
test tests::detects_dangling_relation ... ok
test tests::emits_dot_edges ... ok
test tests::conforming_fixture_is_clean ... ok
test tests::every_finding_carries_a_registered_rule ... ok
test tests::finds_directed_path ... ok
test tests::evidence_predicate_cycles_are_errors ... ok
test tests::lean_anchors_match_whole_declaration_names_only ... ok
test tests::foundation_without_a_source_edge_is_an_error ... ok
test tests::foundation_citing_a_non_source_is_an_error ... ok
test tests::missing_lean_anchor_is_an_error ... ok
test tests::missing_status_where_the_class_enumerates_one_is_an_error ... ok
test tests::missing_verification_path_is_an_error ... ok
test tests::planned_verification_targets_are_not_resolved ... ok
test tests::source_without_a_locator_is_an_error ... ok
test tests::verification_status_outside_the_vocabulary_is_an_error ... ok
test tests::every_audit_rule_has_a_clean_and_failing_case ... ok
test tests::status_outside_the_vocabulary_is_an_error ... ok
test tests::validates_well_formed_graph ... ok
test tests::shards_without_the_new_source_fields_still_parse ... ok

test result: ok. 24 passed; 0 failed; 0 ignored; 0 measured; 0 filtered out; finished in 0.00s

     Running unittests src/main.rs (target/debug/deps/gordian_kg-773e236d62883b52)

running 0 tests

test result: ok. 0 passed; 0 failed; 0 ignored; 0 measured; 0 filtered out; finished in 0.00s

     Running tests/cli.rs (target/debug/deps/cli-de4016d50306b77b)

running 3 tests
test readme_subcommand_block_and_clap_surface_are_equal ... ok
test every_subcommand_runs_against_the_canonical_graph ... ok
test every_audit_rule_fails_through_the_strict_cli ... ok

test result: ok. 3 passed; 0 failed; 0 ignored; 0 measured; 0 filtered out; finished in 0.24s

   Doc-tests gordian_kg

running 0 tests

test result: ok. 0 passed; 0 failed; 0 ignored; 0 measured; 0 filtered out; finished in 0.00s

warning[duplicate]: found 2 duplicate entries for crate 'hashbrown'
   ┌─ /tmp/gordian-atom2-acceptance.nVrtcL/workspace/Cargo.lock:16:1
   │  
16 │ ╭ hashbrown 0.15.5 registry+https://github.com/rust-lang/crates.io-index
17 │ │ hashbrown 0.17.1 registry+https://github.com/rust-lang/crates.io-index
   │ ╰──────────────────────────────────────────────────────────────────────┘ lock entries
   │  
   ├ hashbrown v0.15.5
     └── petgraph v0.8.3
         └── gordian-kg v0.1.0
   ├ hashbrown v0.17.1
     └── indexmap v2.14.1
         └── petgraph v0.8.3
             └── gordian-kg v0.1.0

advisories ok, bans ok, licenses ok, sources ok
    Finished `dev` profile [unoptimized + debuginfo] target(s) in 0.03s
     Running `target/debug/gordian-kg validate`
valid: 354 nodes, 799 edges
    Finished `dev` profile [unoptimized + debuginfo] target(s) in 0.02s
     Running `target/debug/gordian-kg audit --strict`
audit: 0 errors, 0 warnings
OK: runtime toolchain matches repository pins (lean)
✔ [2/14] Built Gordian.Ids (478ms)
✔ [3/14] Built Gordian.Conflict (540ms)
✔ [4/14] Built Gordian.Replay (545ms)
✔ [5/14] Built Gordian.Graph (618ms)
✔ [6/14] Built Gordian.Authority (643ms)
✔ [7/14] Built Gordian.EffectClass (687ms)
✔ [8/14] Built Gordian.Evidence (609ms)
✔ [9/14] Built Gordian.Lease (629ms)
✔ [10/14] Built Gordian.Scheduler (753ms)
✔ [11/14] Built Gordian.Frontier (672ms)
✔ [12/14] Built Gordian.Acceptance (362ms)
✔ [13/14] Built Gordian (270ms)
Build completed successfully (14 jobs).
Gordian axiom audit checked 254 theorems
verifier:formal OK — build, leanchecker, and allowlisted axiom audit passed
OK: runtime toolchain matches repository pins (python ruff)
All checks passed!
...........................................................................................................................................................................................................................................................................missing project scope
......https://github.com/kmosoti/gordian/issues/1: archived project item has no item id
.........missing token
...................................
----------------------------------------------------------------------
Ran 317 tests in 2.374s

OK
{
  "added_urls": [],
  "archived_urls_before": [],
  "converged": true,
  "dry_run": true,
  "duplicate_urls_before": [],
  "failed_urls": [],
  "generated_at": "2026-08-30T00:00:00Z",
  "missing_before": [],
  "open_issue_count": 1,
  "owner": "kmosoti",
  "project_issue_count_before": 1,
  "project_number": 9,
  "remaining_after": [],
  "remaining_archived_after": [],
  "repository": "kmosoti/gordian",
  "source_change_id": "qxpvzzmnopqr",
  "source_commit_id": "4f2a1b0c9d8e",
  "tool_versions": {
    "gh": "gh version 2.63.2",
    "jj": "jj 0.34.0"
  },
  "unarchived_urls": []
}
{
  "added_urls": [],
  "archived_urls_before": [],
  "converged": false,
  "dry_run": true,
  "duplicate_urls_before": [],
  "failed_urls": [],
  "generated_at": "2026-08-30T00:00:00Z",
  "missing_before": [
    "https://example.invalid/issues/1"
  ],
  "open_issue_count": 1,
  "owner": "kmosoti",
  "project_issue_count_before": 1,
  "project_number": 9,
  "remaining_after": [
    "https://example.invalid/issues/1"
  ],
  "remaining_archived_after": [],
  "repository": "kmosoti/gordian",
  "source_change_id": "qxpvzzmnopqr",
  "source_commit_id": "4f2a1b0c9d8e",
  "tool_versions": {
    "gh": "gh version 2.63.2",
    "jj": "jj 0.34.0"
  },
  "unarchived_urls": []
}
OK: ten conjuncts, same order, same arities, at five sites.
OK: no commit range under review (no git history here); the actor rule is stated and unchanged.
OK: 2 closure record(s) carry a well-formed actor.
OK: no numbered evidence-and-admission anchors.
clean: normalization manifest covers 77 canonical Atoms
clean: 77 Atoms; maximum path to #69 is 18 edges
clean: 33 EO17 rows, 28 owners, 30 first-qualification rows
OK: bootstrap preflight rejects isolated credentials with exit 78 and has no interactive auth path.
OK: 5 planned capabilities; none is claimed in the present tense without a closure record.
-- scripts/tests/actor-identity.test.sh
   ok   [actor-identity] no commit range exits 0
   ok   [actor-identity] no commit range and a gutted rule fails rather than skipping
   ok   [actor-identity] an agent commit with a matching trailer, beside a human commit, passes
   ok   [actor-identity] an agent-authored commit with no trailer fails
   ok   [actor-identity] a trailer that does not match the regex fails
   ok   [actor-identity] a trailer that disagrees with the author fails
   ok   [actor-identity] a human-authored commit claiming an agent actor fails
   ok   [actor-identity] a closure record whose actor is not an actor string fails
   ok   [actor-identity] a record recorded_by an actor absent from the change under review fails
   ok   [actor-identity] a record whose coordinator authored a commit in the change passes
-- scripts/tests/capability-tense.test.sh
   ok   [capability-tense] the repository as it stands passes
   ok   [capability-tense] a present-tense claim in AGENTS.md with no closure record fails
   ok   [capability-tense] a near-synonym of a table label fails too
   ok   [capability-tense] a README with no 'Planned, not built' table fails
   ok   [capability-tense] AGENTS.md dropping the checker reference fails
   ok   [capability-tense] the same claim passes once every unblocking Atom has a closure record
-- scripts/tests/closure-and-attempt-records.test.sh
   ok   [closure-and-attempt-records] no records exits 0
   ok   [closure-and-attempt-records] a missing attempt schema fails
   ok   [closure-and-attempt-records] a valid attempt record passes
   ok   [closure-and-attempt-records] an outcome outside the closed set fails
   ok   [closure-and-attempt-records] a file name that is not <attempt_id>.json fails
   ok   [closure-and-attempt-records] an atom_id disagreeing with its directory fails
   ok   [closure-and-attempt-records] contract_defect with no repair issue fails
   ok   [closure-and-attempt-records] contract_defect naming its repair issue passes
   ok   [closure-and-attempt-records] an attempt_id that disagrees with started_at fails
   ok   [closure-and-attempt-records] a closure record with no verifier and a malformed spec_digest fails
Initialized repo in "."
Working copy  (@) now at: vlpzumps 15278826 (empty) (no description set)
Parent commit (@-)      : vrrxwxrz 52bd6450 candidate
Working copy  (@) now at: pqswunpp 667e2f68 (empty) (no description set)
Parent commit (@-)      : vlpzumps 6236dde4 bookkeeping
Created 1 bookmarks pointing to vlpzumps 6236dde4 main | bookkeeping
Changes to push to origin:
  bookmark: main [add to 6236dde46736]
   ok   [closure-and-attempt-records] a canonical zero-exit verifier log with an exact digest passes
Initialized repo in "."
Working copy  (@) now at: qrrwsnzw cee57fe3 (empty) (no description set)
Parent commit (@-)      : qmurxvsn 5c320ac0 candidate
Working copy  (@) now at: zkqpmkny 61e5ed2f (empty) (no description set)
Parent commit (@-)      : qrrwsnzw 6336d56d bookkeeping
Created 1 bookmarks pointing to qrrwsnzw 6336d56d main | bookkeeping
Changes to push to origin:
  bookmark: main [add to 6336d56df6c6]
   ok   [closure-and-attempt-records] a closure verifier mutation (empty-id) fails closed
Initialized repo in "."
Working copy  (@) now at: ptszqrpr a4adbda4 (empty) (no description set)
Parent commit (@-)      : oyzylmvr 5bd50cc2 candidate
Working copy  (@) now at: unpxvztu 1ec60342 (empty) (no description set)
Parent commit (@-)      : ptszqrpr 216b7030 bookkeeping
Created 1 bookmarks pointing to ptszqrpr 216b7030 main | bookkeeping
Changes to push to origin:
  bookmark: main [add to 216b703037c5]
   ok   [closure-and-attempt-records] a closure verifier mutation (unsafe-id) fails closed
Initialized repo in "."
Working copy  (@) now at: xkvunprn 1bfcd204 (empty) (no description set)
Parent commit (@-)      : lttwnyxw 61f1eafb candidate
Working copy  (@) now at: tyxwotpt 086ab2b0 (empty) (no description set)
Parent commit (@-)      : xkvunprn 48872e2e bookkeeping
Created 1 bookmarks pointing to xkvunprn 48872e2e main | bookkeeping
Changes to push to origin:
  bookmark: main [add to 48872e2e35a1]
   ok   [closure-and-attempt-records] a closure verifier mutation (empty-path) fails closed
Initialized repo in "."
Working copy  (@) now at: pmyxykrw 68d453bb (empty) (no description set)
Parent commit (@-)      : ylrsqsws 86535b80 candidate
Working copy  (@) now at: kruwztkl 93ce4c17 (empty) (no description set)
Parent commit (@-)      : pmyxykrw 7bcc11cb bookkeeping
Created 1 bookmarks pointing to pmyxykrw 7bcc11cb main | bookkeeping
Changes to push to origin:
  bookmark: main [add to 7bcc11cb372d]
   ok   [closure-and-attempt-records] a closure verifier mutation (arbitrary-path) fails closed
Initialized repo in "."
Working copy  (@) now at: msymqqxk 122036fc (empty) (no description set)
Parent commit (@-)      : ntoksqls be18e949 candidate
Working copy  (@) now at: wrmlttkr 90294382 (empty) (no description set)
Parent commit (@-)      : msymqqxk b9f7d6e1 bookkeeping
Created 1 bookmarks pointing to msymqqxk b9f7d6e1 main | bookkeeping
Changes to push to origin:
  bookmark: main [add to b9f7d6e17b5e]
   ok   [closure-and-attempt-records] a closure verifier mutation (relative-path) fails closed
Initialized repo in "."
Working copy  (@) now at: ulxmnmry d1d541db (empty) (no description set)
Parent commit (@-)      : vmrpsvwm ff948b5b candidate
Working copy  (@) now at: zynwtrqu 272ee511 (empty) (no description set)
Parent commit (@-)      : ulxmnmry d2b2ac65 bookkeeping
Created 1 bookmarks pointing to ulxmnmry d2b2ac65 main | bookkeeping
Changes to push to origin:
  bookmark: main [add to d2b2ac65b009]
   ok   [closure-and-attempt-records] a closure verifier mutation (self-path) fails closed
Initialized repo in "."
Working copy  (@) now at: llyrzpyl 3c177421 (empty) (no description set)
Parent commit (@-)      : tkrkpknz fd7ac98d candidate
Working copy  (@) now at: wnlkuyvw 59be91ba (empty) (no description set)
Parent commit (@-)      : llyrzpyl 3d358669 bookkeeping
Created 1 bookmarks pointing to llyrzpyl 3d358669 main | bookkeeping
Changes to push to origin:
  bookmark: main [add to 3d3586695ca4]
   ok   [closure-and-attempt-records] a closure verifier mutation (duplicate) fails closed
Initialized repo in "."
Working copy  (@) now at: oqmtlmky 00c787ee (empty) (no description set)
Parent commit (@-)      : xyyrpsky 1baf1373 candidate
Working copy  (@) now at: zpotkowz 928e0b5e (empty) (no description set)
Parent commit (@-)      : oqmtlmky b46ba6ff bookkeeping
Created 1 bookmarks pointing to oqmtlmky b46ba6ff main | bookkeeping
Changes to push to origin:
  bookmark: main [add to b46ba6ffa380]
   ok   [closure-and-attempt-records] a closure verifier mutation (nonzero) fails closed
Initialized repo in "."
Working copy  (@) now at: zspppsum 0a22660e (empty) (no description set)
Parent commit (@-)      : rsyqqttt 847ce68d candidate
Working copy  (@) now at: kkpxvwom 9dbf1cd7 (empty) (no description set)
Parent commit (@-)      : zspppsum 442242ae bookkeeping
Created 1 bookmarks pointing to zspppsum 442242ae main | bookkeeping
Changes to push to origin:
  bookmark: main [add to 442242ae384a]
   ok   [closure-and-attempt-records] a closure verifier mutation (empty-command) fails closed
Initialized repo in "."
Working copy  (@) now at: xqtwtotm 3589be78 (empty) (no description set)
Parent commit (@-)      : ysxzrppp 69354d30 candidate
Working copy  (@) now at: nzplvnrm a3c1aa24 (empty) (no description set)
Parent commit (@-)      : xqtwtotm bec541f5 bookkeeping
Created 1 bookmarks pointing to xqtwtotm bec541f5 main | bookkeeping
Changes to push to origin:
  bookmark: main [add to bec541f5c024]
   ok   [closure-and-attempt-records] a closure verifier mutation (empty-digest) fails closed
Initialized repo in "."
Working copy  (@) now at: tpprtwpn 5615e8e7 (empty) (no description set)
Parent commit (@-)      : wxnqxyqs 7fbcd36b candidate
Working copy  (@) now at: tkkrsnwl e12c58e0 (empty) (no description set)
Parent commit (@-)      : tpprtwpn 1548f9a1 bookkeeping
Created 1 bookmarks pointing to tpprtwpn 1548f9a1 main | bookkeeping
Changes to push to origin:
  bookmark: main [add to 1548f9a1a033]
   ok   [closure-and-attempt-records] a closure verifier mutation (missing-artifact) fails closed
-- scripts/tests/conformance-index.test.sh
   ok   [conformance-index] absent suite exits 0
   ok   [conformance-index] absent suite with the format document gutted fails rather than skipping
   ok   [conformance-index] a present but empty suite fails
   ok   [conformance-index] index matching the files on disk passes
   ok   [conformance-index] a vector on disk and absent from the index fails
   ok   [conformance-index] a vector indexed and absent from disk fails
   ok   [conformance-index] a vector violating the fenced schema fails
-- scripts/tests/crate-map.test.sh
   ok   [crate-map] the repository as it stands passes
   ok   [crate-map] an absent crate map fails
   ok   [crate-map] a graph crates/ url with no row fails
   ok   [crate-map] a workspace member with no row fails
   ok   [crate-map] a dependency the row does not permit fails
   ok   [crate-map] a row that is not transitively closed fails
   ok   [crate-map] a cycle in the permitted-dependency relation fails
-- scripts/tests/derived-edges.test.sh
   ok   [derived-edges] empty subject exits 0
   ok   [derived-edges] empty subject with the rule text deleted fails rather than skipping
   ok   [derived-edges] unparsable plan fails
   ok   [derived-edges] a plan whose derived edges rebuild exactly passes
   ok   [derived-edges] a stored edge set that omits a rebuilt edge fails
   ok   [derived-edges] two ProviderBindings for one requirement fail
-- scripts/tests/experiment-manifests.test.sh
   ok   [experiment-manifests] no registered manifests exits 0
   ok   [experiment-manifests] no manifests and a gutted README fails rather than skipping
   ok   [experiment-manifests] a valid protocol and a matching run pass
   ok   [experiment-manifests] a run whose protocol_digest does not match fails
   ok   [experiment-manifests] a baseline_condition that resolves to nothing fails
   ok   [experiment-manifests] a primary_metric that resolves to nothing fails
   ok   [experiment-manifests] an unparsable protocol fails
-- scripts/tests/formal-evidence.test.sh
   ok   [formal-evidence] tool metadata without a verifier cannot mint evidence
   ok   [formal-evidence] dirty formal sources cannot mint evidence
   ok   [formal-evidence] valid invocation runs the complete verifier before writing
   ok   [formal-evidence] caller-controlled exact state is rejected
   ok   [formal-evidence] repository-local output cannot mutate the attested state
-- scripts/tests/install-toolchains.test.sh
   ok   [install-toolchains] an unknown installation target is rejected without downloads
   ok   [install-toolchains] missing elan bootstraps through the official installer without network access
   ok   [install-toolchains] elan bootstrap verifies the pinned release digest
   ok   [install-toolchains] elan bootstrap disables default-toolchain drift
   ok   [install-toolchains] elan installs the exact repository Lean pin
   ok   [install-toolchains] elan bootstrap reports the bin directory needed by the next command
-- scripts/tests/invariant-coverage.test.sh
   ok   [invariant-coverage] the repository as it stands passes
   ok   [invariant-coverage] a section with no Coverage line fails
   ok   [invariant-coverage] a section with two Coverage lines fails
   ok   [invariant-coverage] a coverage state the catalog does not list fails
   ok   [invariant-coverage] a catalog with no coverage-state list fails
-- scripts/tests/mission-stop-condition.test.sh
Initialized repo in "."
Working copy  (@) now at: rryrumvu e055e9b9 (empty) (no description set)
Parent commit (@-)      : opzvpktp e841e18a candidate
   ok   [mission-stop-condition] bare mode reports waived #50/#54 as unsatisfied
   ok   [mission-stop-condition] gate mode rejects missing waived Atoms
   ok   [mission-stop-condition] gate names the second missing waived Atom
Initialized repo in "."
Working copy  (@) now at: llxnkroo c0294267 (empty) (no description set)
Parent commit (@-)      : wxnkusvo c11a62b4 candidate
Working copy  (@) now at: unwytuvm 35969192 (empty) (no description set)
Parent commit (@-)      : llxnkroo c1a4c6fb bookkeeping
Changes to push to origin:
  bookmark: main [add to c1a4c6fb2461]
Working copy  (@) now at: mtvztxkr 8431f535 (empty) (no description set)
Parent commit (@-)      : unwytuvm f74099ef bookkeeping
Changes to push to origin:
  bookmark: main [move forward from c1a4c6fb2461 to f74099ef3a14]
   ok   [mission-stop-condition] preclose permits only absent #69 after all row closures pass
   ok   [mission-stop-condition] final gate still requires #69
Initialized repo in "."
Working copy  (@) now at: zlyrsuwu 67a009e7 (empty) (no description set)
Parent commit (@-)      : vvmvvqtt ceea1c83 candidate
Working copy  (@) now at: ktkrqwrx 7e5e5c2b (empty) (no description set)
Parent commit (@-)      : zlyrsuwu 15469e73 bookkeeping
Changes to push to origin:
  bookmark: main [add to 15469e73e954]
Working copy  (@) now at: zvqtpyxo d3ce734d (empty) (no description set)
Parent commit (@-)      : ktkrqwrx e32e0391 bookkeeping
Changes to push to origin:
  bookmark: main [move forward from 15469e73e954 to e32e03917cde]
Working copy  (@) now at: kzosupms ac765f6f (empty) (no description set)
Parent commit (@-)      : zvqtpyxo 49bb50d0 bookkeeping
Changes to push to origin:
  bookmark: main [move forward from e32e03917cde to 49bb50d010c8]
   ok   [mission-stop-condition] canonical records and exact waiver propagation pass
Initialized repo in "."
Working copy  (@) now at: znosxnxk b2a5957d (empty) (no description set)
Parent commit (@-)      : uxmnlprx cb2af673 candidate
Working copy  (@) now at: mzstouym 2f7ef40e (empty) (no description set)
Parent commit (@-)      : znosxnxk 7f702096 bookkeeping
Changes to push to origin:
  bookmark: main [add to 7f7020965e28]
Working copy  (@) now at: lstylnqm 4695349a (empty) (no description set)
Parent commit (@-)      : mzstouym 2de6f2d0 bookkeeping
Changes to push to origin:
  bookmark: main [move forward from 7f7020965e28 to 2de6f2d02f86]
Working copy  (@) now at: wzlqooxz 3437fb99 (empty) (no description set)
Parent commit (@-)      : lstylnqm a8464d1b bookkeeping
Changes to push to origin:
  bookmark: main [move forward from 2de6f2d02f86 to a8464d1ba5af]
   ok   [mission-stop-condition] documented comma-separated Atom list syntax is accepted
Initialized repo in "."
Working copy  (@) now at: vpzvxqvz 871d580d (empty) (no description set)
Parent commit (@-)      : ryrmlswu b1268977 candidate
Working copy  (@) now at: orpmupym 6b759aad (empty) (no description set)
Parent commit (@-)      : vpzvxqvz b56a0e8d bookkeeping
Changes to push to origin:
  bookmark: main [add to b56a0e8d246a]
Working copy  (@) now at: onwrvplq 417d02bb (empty) (no description set)
Parent commit (@-)      : orpmupym 6c19f0e8 bookkeeping
Changes to push to origin:
  bookmark: main [move forward from b56a0e8d246a to 6c19f0e85aee]
Working copy  (@) now at: ywntowxv 7e861ea6 (empty) (no description set)
Parent commit (@-)      : onwrvplq 5d63b97c bookkeeping
Changes to push to origin:
  bookmark: main [move forward from 6c19f0e85aee to 5d63b97ccc12]
   ok   [mission-stop-condition] missing #69 waiver propagation fails
Initialized repo in "."
Working copy  (@) now at: vklnxyvw 73179d96 (empty) (no description set)
Parent commit (@-)      : slmotzln 8c1331a7 candidate
Working copy  (@) now at: zskqlyuk e4f44e2b (empty) (no description set)
Parent commit (@-)      : vklnxyvw 74c33bbf bookkeeping
Changes to push to origin:
  bookmark: main [add to 74c33bbf5511]
   ok   [mission-stop-condition] invalid digest evidence is a structural failure
Initialized repo in "."
Working copy  (@) now at: mpvwllxs 31d2f011 (empty) (no description set)
Parent commit (@-)      : yrynwmuy c1fd4b9c candidate
Working copy  (@) now at: qkkmnmrk 00fc1d29 (empty) (no description set)
Parent commit (@-)      : mpvwllxs 05214b45 bookkeeping
Changes to push to origin:
  bookmark: main [add to 05214b4540c9]
   ok   [mission-stop-condition] invalid path evidence is a structural failure
Initialized repo in "."
Working copy  (@) now at: sytkvpwu 86a1cf53 (empty) (no description set)
Parent commit (@-)      : vsrqsvlo 6b420fb1 candidate
Working copy  (@) now at: znyvonml 65d0f84d (empty) (no description set)
Parent commit (@-)      : sytkvpwu 0d903ceb bookkeeping
Changes to push to origin:
  bookmark: main [add to 0d903ceb9ca0]
   ok   [mission-stop-condition] invalid exit evidence is a structural failure
Initialized repo in "."
Working copy  (@) now at: rzqutxuw cdfa0113 (empty) (no description set)
Parent commit (@-)      : wkmruzmm d5b4bd35 candidate
   ok   [mission-stop-condition] a waiver split across physical lines fails
Initialized repo in "."
Working copy  (@) now at: nymyunzz 5b5473dd (empty) (no description set)
Parent commit (@-)      : unzypppo 2e8104ea candidate
   ok   [mission-stop-condition] duplicate Atom/metric waivers fail
Initialized repo in "."
Working copy  (@) now at: lpmqkynw 20271087 (empty) (no description set)
Parent commit (@-)      : qosytzrz 6b20903d candidate
   ok   [mission-stop-condition] waiver for an Atom absent from the table fails
Initialized repo in "."
Working copy  (@) now at: nptyqtst 3e531c23 (empty) (no description set)
Parent commit (@-)      : kmqlwprl 8c2daec3 candidate
   ok   [mission-stop-condition] rejects atom_alias in every gate input
Initialized repo in "."
Working copy  (@) now at: wnlsnqqw e38ea6c9 (empty) (no description set)
Parent commit (@-)      : myrmskso 95c854d8 candidate
   ok   [mission-stop-condition] rejects atom_residue in every gate input
Initialized repo in "."
Working copy  (@) now at: lqvxwzws e6a89f81 (empty) (no description set)
Parent commit (@-)      : kxrmpkzy 1ce2c129 candidate
   ok   [mission-stop-condition] rejects atom_decimal in every gate input
Initialized repo in "."
Working copy  (@) now at: lzpxowrs 9c9cc0ab (empty) (no description set)
Parent commit (@-)      : nvukoslo a05e0465 candidate
   ok   [mission-stop-condition] rejects atom_text in every gate input
Initialized repo in "."
Working copy  (@) now at: txqrpzqm e95550ba (empty) (no description set)
Parent commit (@-)      : wpqkwpsq da1ed126 candidate
   ok   [mission-stop-condition] rejects row_duplicate in every gate input
Initialized repo in "."
Working copy  (@) now at: qnvszwlo f59a5df8 (empty) (no description set)
Parent commit (@-)      : zkmllyyp 317a233d candidate
   ok   [mission-stop-condition] rejects row_gap in every gate input
Initialized repo in "."
Working copy  (@) now at: spurnuxt b6de2289 (empty) (no description set)
Parent commit (@-)      : xuzzntvo aa750f59 candidate
   ok   [mission-stop-condition] rejects atom_duplicate in every gate input
Initialized repo in "."
Working copy  (@) now at: lulylnkp eff5d9b4 (empty) (no description set)
Parent commit (@-)      : syormsuu a01afbcd candidate
   ok   [mission-stop-condition] heading removal after shell preflight fails report mode's Python fallback
Initialized repo in "."
Working copy  (@) now at: zoqrylrv 08f1059f (empty) (no description set)
Parent commit (@-)      : wynktowu 6ef8a92b candidate
   ok   [mission-stop-condition] heading removal after shell preflight fails gate mode's Python fallback
Initialized repo in "."
Working copy  (@) now at: lmvzklou f6dff905 (empty) (no description set)
Parent commit (@-)      : mysmwvzt 83c711d3 candidate
   ok   [mission-stop-condition] heading removal after shell preflight fails preclose mode's Python fallback
Initialized repo in "."
Working copy  (@) now at: zstzpprv e681db2a (empty) (no description set)
Parent commit (@-)      : lpywlvqs ba37754c candidate
   ok   [mission-stop-condition] waiver metrics are globally unique across Atoms
Initialized repo in "."
Working copy  (@) now at: uulsmtyk f3965cea (empty) (no description set)
Parent commit (@-)      : pmnulnum 03e8b1b5 candidate
   ok   [mission-stop-condition] missing plan fails bare mode
   ok   [mission-stop-condition] missing plan fails --gate
   ok   [mission-stop-condition] missing plan fails --preclose
Initialized repo in "."
Working copy  (@) now at: lyoupxor ce4e8035 (empty) (no description set)
Parent commit (@-)      : spvszrnm 32e04d4f candidate
   ok   [mission-stop-condition] missing table fails bare mode
   ok   [mission-stop-condition] missing table fails --gate
   ok   [mission-stop-condition] missing table fails --preclose
Initialized repo in "."
Working copy  (@) now at: tzvkxmos 667f0966 (empty) (no description set)
Parent commit (@-)      : vvzolsxl 6848b493 candidate
   ok   [mission-stop-condition] missing runbook fails bare mode
   ok   [mission-stop-condition] missing runbook fails --gate
   ok   [mission-stop-condition] missing runbook fails --preclose
Initialized repo in "."
Working copy  (@) now at: nluuymon 44098546 (empty) (no description set)
Parent commit (@-)      : kyomxnot f261e133 candidate
   ok   [mission-stop-condition] missing sentence fails bare mode
   ok   [mission-stop-condition] missing sentence fails --gate
   ok   [mission-stop-condition] missing sentence fails --preclose
   ok   [mission-stop-condition] unsupported preclose id is rejected
   ok   [mission-stop-condition] preclose cannot be combined with gate
   ok   [mission-stop-condition] preclose requires its Atom id
-- scripts/tests/spec-digests.test.sh
   ok   [spec-digests] no snapshots and no records exits 0
   ok   [spec-digests] no snapshots and a gutted rule fails rather than skipping
   ok   [spec-digests] an LF snapshot whose digest recomputes passes
   ok   [spec-digests] a snapshot captured with CRLF fails
   ok   [spec-digests] a spec_digest that disagrees with its snapshot fails
   ok   [spec-digests] a spec_digest with no committed snapshot fails
-- scripts/tests/toolchain.test.sh
   ok   [toolchain] the static pin contract passes
   ok   [toolchain] a malformed owning pin is rejected without runtime tools
   ok   [toolchain] an installer that drops a pin-file read is rejected
   ok   [toolchain] a floating Python build backend is rejected
-- scripts/tests/verify-local.test.sh
   ok   [verify-local] an unknown verification group is rejected
OK: 14 checker test file(s) passed.
OK: 2 closure record(s) valid with every artifact digest matching, and 1 attempt record(s) valid.
OK: formal/conformance/ does not exist yet (#7 owns it); the vector format and index rule are stated and unchanged.
OK: 12 crate rows cover every graph url and every workspace member; every declared dependency is permitted; the relation is acyclic and transitively closed.
OK: one hard-dependency kind set: Atom
OK: no published PlanRevision under artifacts/plans/*/plan.json yet; the derived-edge rule is stated and unchanged.
OK: seven effect classes, agreed across three sites.
OK: seven evidence-binding components, agreed across six sites.
OK: 11 protocol(s) and 0 run(s) valid; baseline_condition and primary_metric resolve; every protocol_digest matches.
OK: every integration verifier names an adapter-executable command.
OK: 34 invariant sections, each with exactly one **Coverage:** line drawn from 6 catalog states.
OK: 18 acceptance rows naming 51 distinct Atoms.
UNSATISFIED  mission record artifacts/atoms/69/closure.json: no closure record
WAIVER       unresolved_human_metric: #50 — operator-comprehension rating — the ontology ablation scores how quickly a person understands a Mission's decomposition; no machine proxy measures comprehension, and substituting one would answer a different question than the hypothesis asks.
WAIVER       unresolved_human_metric: #54 — operator/manual correction count — counts corrections a human chose to make against a mutable-status baseline; the count is defined by human intervention, so it cannot be synthesized.
UNSATISFIED  row 1: define a Project/Mission/PlanRevision/Initiative/Atom graph through a typed interface
             #9: no closure record at artifacts/atoms/9/closure.json
             #55: no closure record at artifacts/atoms/55/closure.json
             #58: no closure record at artifacts/atoms/58/closure.json
             #44: no closure record at artifacts/atoms/44/closure.json
             #45: no closure record at artifacts/atoms/45/closure.json
UNSATISFIED  row 2: reject structurally invalid decomposition/dependency state
             #10: no closure record at artifacts/atoms/10/closure.json
UNSATISFIED  row 3: persist canonical work/events and rebuild derived state deterministically
             #12: no closure record at artifacts/atoms/12/closure.json
             #25: no closure record at artifacts/atoms/25/closure.json
             #26: no closure record at artifacts/atoms/26/closure.json
UNSATISFIED  row 4: derive ready/blocked work without mutable workflow-status truth
             #13: no closure record at artifacts/atoms/13/closure.json
UNSATISFIED  row 5: schedule compatible Atoms across one or more heterogeneous workers
             #20: no closure record at artifacts/atoms/20/closure.json
             #21: no closure record at artifacts/atoms/21/closure.json
             #24: no closure record at artifacts/atoms/24/closure.json
UNSATISFIED  row 6: create isolated workspaces from exact base states
             #29: no closure record at artifacts/atoms/29/closure.json
             #30: no closure record at artifacts/atoms/30/closure.json
UNSATISFIED  row 7: associate evolving implementations with logical change ids and frozen candidates with exact state ids
             #31: no closure record at artifacts/atoms/31/closure.json
UNSATISFIED  row 8: coordinate declared/observed semantic resource claims and leases
             #22: no closure record at artifacts/atoms/22/closure.json
             #23: no closure record at artifacts/atoms/23/closure.json
UNSATISFIED  row 9: run verifiers against exact candidates and store provenance-bound evidence
             #16: no closure record at artifacts/atoms/16/closure.json
             #17: no closure record at artifacts/atoms/17/closure.json
             #33: no closure record at artifacts/atoms/33/closure.json
UNSATISFIED  row 10: invalidate stale evidence when relevant identity changes
             #15: no closure record at artifacts/atoms/15/closure.json
UNSATISFIED  row 11: integrate independent candidates explicitly and re-verify composition
             #32: no closure record at artifacts/atoms/32/closure.json
UNSATISFIED  row 12: prevent Worker authority from moving accepted or deployed frontiers
             #18: no closure record at artifacts/atoms/18/closure.json
UNSATISFIED  row 13: promote an accepted frontier with race-safe compare-and-swap semantics
             #19: no closure record at artifacts/atoms/19/closure.json
             #27: no closure record at artifacts/atoms/27/closure.json
UNSATISFIED  row 14: replay after process failure without repeating nondeterministic effects
             #11: no closure record at artifacts/atoms/11/closure.json
             #26: no closure record at artifacts/atoms/26/closure.json
             #28: no closure record at artifacts/atoms/28/closure.json
UNSATISFIED  row 15: expose CLI/API surfaces usable by humans and agent harnesses
             #44: no closure record at artifacts/atoms/44/closure.json
             #45: no closure record at artifacts/atoms/45/closure.json
             #46: no closure record at artifacts/atoms/46/closure.json
UNSATISFIED  row 16: run the project's own Atom workflow through Gordian as a self-hosting proof
             #48: no closure record at artifacts/atoms/48/closure.json
             #49: no closure record at artifacts/atoms/49/closure.json
UNSATISFIED  row 17: publish benchmark and falsification evidence for the major Gordian-specific hypotheses
             #34: no closure record at artifacts/atoms/34/closure.json
             #37: no closure record at artifacts/atoms/37/closure.json
             #39: no closure record at artifacts/atoms/39/closure.json
             #50: no closure record at artifacts/atoms/50/closure.json
             #51: no closure record at artifacts/atoms/51/closure.json
             #52: no closure record at artifacts/atoms/52/closure.json
             #53: no closure record at artifacts/atoms/53/closure.json
             #54: no closure record at artifacts/atoms/54/closure.json
             #59: no closure record at artifacts/atoms/59/closure.json
             #60: no closure record at artifacts/atoms/60/closure.json
             #61: no closure record at artifacts/atoms/61/closure.json
             #68: no closure record at artifacts/atoms/68/closure.json
             #75: no closure record at artifacts/atoms/75/closure.json
             #76: no closure record at artifacts/atoms/76/closure.json
             #77: no closure record at artifacts/atoms/77/closure.json
UNSATISFIED  row 18: keep the research knowledge graph synchronized with implemented/falsified concepts
             #8: no closure record at artifacts/atoms/8/closure.json
             #71: no closure record at artifacts/atoms/71/closure.json
             #72: no closure record at artifacts/atoms/72/closure.json
             #73: no closure record at artifacts/atoms/73/closure.json
             #74: no closure record at artifacts/atoms/74/closure.json
Mission incomplete: 18 of 18 acceptance rows unsatisfied.
OK: nanoda is disabled in CI and no node claims it as a verifier.
OK: seven readiness predicates, one definition each.
OK: no predicate body reads a wall clock.
OK: the three Satisfied definitions agree.
computed closure(#49) = [1, 2, 3, 4, 5, 6, 7, 8, 9, 10, 11, 12, 13, 14, 15, 16, 17, 18, 19, 20, 21, 22, 23, 24, 25, 26, 27, 28, 29, 30, 31, 32, 33, 35, 36, 38, 44, 45, 46, 48, 58, 71, 72]
OK: 43 Atoms in closure(#49); 77 registry identities covered with no orphan.
OK: 3 spec snapshot(s) LF-normalized, 2 closure record(s) carry a digest that recomputes.
OK: no hedging vocabulary; every experiment names a class.
clean: 57 target-crate owners
OK: static toolchain pins are single-sourced and internally consistent
fresh_workspace=/tmp/gordian-atom2-acceptance.nVrtcL/workspace
exit_code=0
