subject_exact_state_id=da6a8c34282791ccf6654c6f181c4e5869b5d51b
command=scripts/verify-local.sh rust-check
OK: runtime toolchain matches repository pins (rust cargo-deny)
    Finished `dev` profile [unoptimized + debuginfo] target(s) in 0.07s
    Finished `test` profile [unoptimized + debuginfo] target(s) in 0.04s
     Running unittests src/lib.rs (target/debug/deps/gordian_kg-684c7518c9316092)

running 24 tests
test tests::a_detached_audit_skips_the_on_disk_rules ... ok
test tests::acyclic_evidence_graph_reports_no_cycle ... ok
test tests::audit_rule_registry_has_no_duplicates ... ok
test tests::an_unenumerated_class_accepts_any_status ... ok
test tests::an_external_vocabulary_replaces_the_built_in_one ... ok
test tests::conforming_fixture_is_clean ... ok
test tests::emits_dot_edges ... ok
test tests::detects_dangling_relation ... ok
test tests::every_finding_carries_a_registered_rule ... ok
test tests::finds_directed_path ... ok
test tests::evidence_predicate_cycles_are_errors ... ok
test tests::lean_anchors_match_whole_declaration_names_only ... ok
test tests::foundation_citing_a_non_source_is_an_error ... ok
test tests::foundation_without_a_source_edge_is_an_error ... ok
test tests::every_audit_rule_has_a_clean_and_failing_case ... ok
test tests::missing_lean_anchor_is_an_error ... ok
test tests::shards_without_the_new_source_fields_still_parse ... ok
test tests::planned_verification_targets_are_not_resolved ... ok
test tests::validates_well_formed_graph ... ok
test tests::status_outside_the_vocabulary_is_an_error ... ok
test tests::missing_status_where_the_class_enumerates_one_is_an_error ... ok
test tests::source_without_a_locator_is_an_error ... ok
test tests::verification_status_outside_the_vocabulary_is_an_error ... ok
test tests::missing_verification_path_is_an_error ... ok

test result: ok. 24 passed; 0 failed; 0 ignored; 0 measured; 0 filtered out; finished in 0.00s

     Running unittests src/main.rs (target/debug/deps/gordian_kg-773e236d62883b52)

running 0 tests

test result: ok. 0 passed; 0 failed; 0 ignored; 0 measured; 0 filtered out; finished in 0.00s

     Running tests/cli.rs (target/debug/deps/cli-de4016d50306b77b)

running 3 tests
test readme_subcommand_block_and_clap_surface_are_equal ... ok
test every_subcommand_runs_against_the_canonical_graph ... ok
test every_audit_rule_fails_through_the_strict_cli ... ok

test result: ok. 3 passed; 0 failed; 0 ignored; 0 measured; 0 filtered out; finished in 0.24s

   Doc-tests gordian_kg

running 0 tests

test result: ok. 0 passed; 0 failed; 0 ignored; 0 measured; 0 filtered out; finished in 0.00s

warning[duplicate]: found 2 duplicate entries for crate 'hashbrown'
   ┌─ /tmp/gordian-atom2.aofoX9/workspace/Cargo.lock:16:1
   │  
16 │ ╭ hashbrown 0.15.5 registry+https://github.com/rust-lang/crates.io-index
17 │ │ hashbrown 0.17.1 registry+https://github.com/rust-lang/crates.io-index
   │ ╰──────────────────────────────────────────────────────────────────────┘ lock entries
   │  
   ├ hashbrown v0.15.5
     └── petgraph v0.8.3
         └── gordian-kg v0.1.0
   ├ hashbrown v0.17.1
     └── indexmap v2.14.1
         └── petgraph v0.8.3
             └── gordian-kg v0.1.0

advisories ok, bans ok, licenses ok, sources ok
exit_code=0
