subject_exact_state_id=da6a8c34282791ccf6654c6f181c4e5869b5d51b
command=scripts/verify-local.sh spec-consistency
OK: ten conjuncts, same order, same arities, at five sites.
OK: no commit range under review (no git history here); the actor rule is stated and unchanged.
OK: 2 closure record(s) carry a well-formed actor.
OK: no numbered evidence-and-admission anchors.
clean: normalization manifest covers 77 canonical Atoms
clean: 77 Atoms; maximum path to #69 is 18 edges
clean: 33 EO17 rows, 28 owners, 30 first-qualification rows
OK: bootstrap preflight rejects isolated credentials with exit 78 and has no interactive auth path.
OK: 5 planned capabilities; none is claimed in the present tense without a closure record.
-- scripts/tests/actor-identity.test.sh
   ok   [actor-identity] no commit range exits 0
   ok   [actor-identity] no commit range and a gutted rule fails rather than skipping
   ok   [actor-identity] an agent commit with a matching trailer, beside a human commit, passes
   ok   [actor-identity] an agent-authored commit with no trailer fails
   ok   [actor-identity] a trailer that does not match the regex fails
   ok   [actor-identity] a trailer that disagrees with the author fails
   ok   [actor-identity] a human-authored commit claiming an agent actor fails
   ok   [actor-identity] a closure record whose actor is not an actor string fails
   ok   [actor-identity] a record recorded_by an actor absent from the change under review fails
   ok   [actor-identity] a record whose coordinator authored a commit in the change passes
-- scripts/tests/capability-tense.test.sh
   ok   [capability-tense] the repository as it stands passes
   ok   [capability-tense] a present-tense claim in AGENTS.md with no closure record fails
   ok   [capability-tense] a near-synonym of a table label fails too
   ok   [capability-tense] a README with no 'Planned, not built' table fails
   ok   [capability-tense] AGENTS.md dropping the checker reference fails
   ok   [capability-tense] the same claim passes once every unblocking Atom has a closure record
-- scripts/tests/closure-and-attempt-records.test.sh
   ok   [closure-and-attempt-records] no records exits 0
   ok   [closure-and-attempt-records] a missing attempt schema fails
   ok   [closure-and-attempt-records] a valid attempt record passes
   ok   [closure-and-attempt-records] an outcome outside the closed set fails
   ok   [closure-and-attempt-records] a file name that is not <attempt_id>.json fails
   ok   [closure-and-attempt-records] an atom_id disagreeing with its directory fails
   ok   [closure-and-attempt-records] contract_defect with no repair issue fails
   ok   [closure-and-attempt-records] contract_defect naming its repair issue passes
   ok   [closure-and-attempt-records] an attempt_id that disagrees with started_at fails
   ok   [closure-and-attempt-records] a closure record with no verifier and a malformed spec_digest fails
Initialized repo in "."
Working copy  (@) now at: okrzskzk 91a53cd2 (empty) (no description set)
Parent commit (@-)      : rwuzpzor 4d161908 candidate
Working copy  (@) now at: ruroyssx 4c459471 (empty) (no description set)
Parent commit (@-)      : okrzskzk 9c0093fc bookkeeping
Created 1 bookmarks pointing to okrzskzk 9c0093fc main | bookkeeping
Changes to push to origin:
  bookmark: main [add to 9c0093fc941b]
   ok   [closure-and-attempt-records] a canonical zero-exit verifier log with an exact digest passes
Initialized repo in "."
Working copy  (@) now at: uwtlwluw fdbe7a06 (empty) (no description set)
Parent commit (@-)      : zwrklyyp a36eba95 candidate
Working copy  (@) now at: ymvkqutm 89047987 (empty) (no description set)
Parent commit (@-)      : uwtlwluw 4fff1f8e bookkeeping
Created 1 bookmarks pointing to uwtlwluw 4fff1f8e main | bookkeeping
Changes to push to origin:
  bookmark: main [add to 4fff1f8e95f9]
   ok   [closure-and-attempt-records] a closure verifier mutation (empty-id) fails closed
Initialized repo in "."
Working copy  (@) now at: xmokpoyn 12f8c46d (empty) (no description set)
Parent commit (@-)      : zqpnxqyv df52ebbb candidate
Working copy  (@) now at: tpnqprun 16b9205f (empty) (no description set)
Parent commit (@-)      : xmokpoyn 5f8975d0 bookkeeping
Created 1 bookmarks pointing to xmokpoyn 5f8975d0 main | bookkeeping
Changes to push to origin:
  bookmark: main [add to 5f8975d023c1]
   ok   [closure-and-attempt-records] a closure verifier mutation (unsafe-id) fails closed
Initialized repo in "."
Working copy  (@) now at: lrknyznr 9737889a (empty) (no description set)
Parent commit (@-)      : ppztwswp 5b651e0d candidate
Working copy  (@) now at: wwonmxuq 86c51755 (empty) (no description set)
Parent commit (@-)      : lrknyznr 7c4ea315 bookkeeping
Created 1 bookmarks pointing to lrknyznr 7c4ea315 main | bookkeeping
Changes to push to origin:
  bookmark: main [add to 7c4ea315b598]
   ok   [closure-and-attempt-records] a closure verifier mutation (empty-path) fails closed
Initialized repo in "."
Working copy  (@) now at: trukuroq de08a8f8 (empty) (no description set)
Parent commit (@-)      : kztkotoy d4287d17 candidate
Working copy  (@) now at: xrvvnmro 13189d36 (empty) (no description set)
Parent commit (@-)      : trukuroq 9b9ba8b3 bookkeeping
Created 1 bookmarks pointing to trukuroq 9b9ba8b3 main | bookkeeping
Changes to push to origin:
  bookmark: main [add to 9b9ba8b336c8]
   ok   [closure-and-attempt-records] a closure verifier mutation (arbitrary-path) fails closed
Initialized repo in "."
Working copy  (@) now at: srunzvok 3af135a0 (empty) (no description set)
Parent commit (@-)      : nrlqrmzt dda60194 candidate
Working copy  (@) now at: qyzostoo 8b6d7106 (empty) (no description set)
Parent commit (@-)      : srunzvok adf08f16 bookkeeping
Created 1 bookmarks pointing to srunzvok adf08f16 main | bookkeeping
Changes to push to origin:
  bookmark: main [add to adf08f1623d9]
   ok   [closure-and-attempt-records] a closure verifier mutation (relative-path) fails closed
Initialized repo in "."
Working copy  (@) now at: wzuuurwp 46c12984 (empty) (no description set)
Parent commit (@-)      : tnvkmzrm 7627062c candidate
Working copy  (@) now at: zmurllqu db9abea3 (empty) (no description set)
Parent commit (@-)      : wzuuurwp b4c3c7e4 bookkeeping
Created 1 bookmarks pointing to wzuuurwp b4c3c7e4 main | bookkeeping
Changes to push to origin:
  bookmark: main [add to b4c3c7e49064]
   ok   [closure-and-attempt-records] a closure verifier mutation (self-path) fails closed
Initialized repo in "."
Working copy  (@) now at: vpomtszk ebe12c73 (empty) (no description set)
Parent commit (@-)      : nmmkvwqv 6fd16c7c candidate
Working copy  (@) now at: klumuzwm 0f5913b9 (empty) (no description set)
Parent commit (@-)      : vpomtszk 7b42bf9c bookkeeping
Created 1 bookmarks pointing to vpomtszk 7b42bf9c main | bookkeeping
Changes to push to origin:
  bookmark: main [add to 7b42bf9c8e85]
   ok   [closure-and-attempt-records] a closure verifier mutation (duplicate) fails closed
Initialized repo in "."
Working copy  (@) now at: lylxtqkp adb3cef3 (empty) (no description set)
Parent commit (@-)      : nwuklyyq 451ab370 candidate
Working copy  (@) now at: knlxsnlk eebf0abd (empty) (no description set)
Parent commit (@-)      : lylxtqkp bb4b12eb bookkeeping
Created 1 bookmarks pointing to lylxtqkp bb4b12eb main | bookkeeping
Changes to push to origin:
  bookmark: main [add to bb4b12eb88eb]
   ok   [closure-and-attempt-records] a closure verifier mutation (nonzero) fails closed
Initialized repo in "."
Working copy  (@) now at: kmrktlzl b4e32070 (empty) (no description set)
Parent commit (@-)      : rrlnvoyx 402c0fc5 candidate
Working copy  (@) now at: twuyqrmx 0e4e19fb (empty) (no description set)
Parent commit (@-)      : kmrktlzl 0e38cdea bookkeeping
Created 1 bookmarks pointing to kmrktlzl 0e38cdea main | bookkeeping
Changes to push to origin:
  bookmark: main [add to 0e38cdea055f]
   ok   [closure-and-attempt-records] a closure verifier mutation (empty-command) fails closed
Initialized repo in "."
Working copy  (@) now at: vmwrqxlx f3c4ecf4 (empty) (no description set)
Parent commit (@-)      : nvtyzkwy df4e46d7 candidate
Working copy  (@) now at: rpxyyvqo 12c416d5 (empty) (no description set)
Parent commit (@-)      : vmwrqxlx 33f9d2f5 bookkeeping
Created 1 bookmarks pointing to vmwrqxlx 33f9d2f5 main | bookkeeping
Changes to push to origin:
  bookmark: main [add to 33f9d2f5fa0d]
   ok   [closure-and-attempt-records] a closure verifier mutation (empty-digest) fails closed
Initialized repo in "."
Working copy  (@) now at: yqwsylqr 0b3fd8be (empty) (no description set)
Parent commit (@-)      : vyrnrurv 17930186 candidate
Working copy  (@) now at: zqozmzuw fcfcfa08 (empty) (no description set)
Parent commit (@-)      : yqwsylqr 647f589a bookkeeping
Created 1 bookmarks pointing to yqwsylqr 647f589a main | bookkeeping
Changes to push to origin:
  bookmark: main [add to 647f589a1627]
   ok   [closure-and-attempt-records] a closure verifier mutation (missing-artifact) fails closed
-- scripts/tests/conformance-index.test.sh
   ok   [conformance-index] absent suite exits 0
   ok   [conformance-index] absent suite with the format document gutted fails rather than skipping
   ok   [conformance-index] a present but empty suite fails
   ok   [conformance-index] index matching the files on disk passes
   ok   [conformance-index] a vector on disk and absent from the index fails
   ok   [conformance-index] a vector indexed and absent from disk fails
   ok   [conformance-index] a vector violating the fenced schema fails
-- scripts/tests/crate-map.test.sh
   ok   [crate-map] the repository as it stands passes
   ok   [crate-map] an absent crate map fails
   ok   [crate-map] a graph crates/ url with no row fails
   ok   [crate-map] a workspace member with no row fails
   ok   [crate-map] a dependency the row does not permit fails
   ok   [crate-map] a row that is not transitively closed fails
   ok   [crate-map] a cycle in the permitted-dependency relation fails
-- scripts/tests/derived-edges.test.sh
   ok   [derived-edges] empty subject exits 0
   ok   [derived-edges] empty subject with the rule text deleted fails rather than skipping
   ok   [derived-edges] unparsable plan fails
   ok   [derived-edges] a plan whose derived edges rebuild exactly passes
   ok   [derived-edges] a stored edge set that omits a rebuilt edge fails
   ok   [derived-edges] two ProviderBindings for one requirement fail
-- scripts/tests/experiment-manifests.test.sh
   ok   [experiment-manifests] no registered manifests exits 0
   ok   [experiment-manifests] no manifests and a gutted README fails rather than skipping
   ok   [experiment-manifests] a valid protocol and a matching run pass
   ok   [experiment-manifests] a run whose protocol_digest does not match fails
   ok   [experiment-manifests] a baseline_condition that resolves to nothing fails
   ok   [experiment-manifests] a primary_metric that resolves to nothing fails
   ok   [experiment-manifests] an unparsable protocol fails
-- scripts/tests/formal-evidence.test.sh
   ok   [formal-evidence] tool metadata without a verifier cannot mint evidence
   ok   [formal-evidence] dirty formal sources cannot mint evidence
   ok   [formal-evidence] valid invocation runs the complete verifier before writing
   ok   [formal-evidence] caller-controlled exact state is rejected
   ok   [formal-evidence] repository-local output cannot mutate the attested state
-- scripts/tests/install-toolchains.test.sh
   ok   [install-toolchains] an unknown installation target is rejected without downloads
   ok   [install-toolchains] missing elan bootstraps through the official installer without network access
   ok   [install-toolchains] elan bootstrap verifies the pinned release digest
   ok   [install-toolchains] elan bootstrap disables default-toolchain drift
   ok   [install-toolchains] elan installs the exact repository Lean pin
   ok   [install-toolchains] elan bootstrap reports the bin directory needed by the next command
-- scripts/tests/invariant-coverage.test.sh
   ok   [invariant-coverage] the repository as it stands passes
   ok   [invariant-coverage] a section with no Coverage line fails
   ok   [invariant-coverage] a section with two Coverage lines fails
   ok   [invariant-coverage] a coverage state the catalog does not list fails
   ok   [invariant-coverage] a catalog with no coverage-state list fails
-- scripts/tests/mission-stop-condition.test.sh
Initialized repo in "."
Working copy  (@) now at: nutxoylo a451aa66 (empty) (no description set)
Parent commit (@-)      : qlvpmnqm 2ad1a666 candidate
   ok   [mission-stop-condition] bare mode reports waived #50/#54 as unsatisfied
   ok   [mission-stop-condition] gate mode rejects missing waived Atoms
   ok   [mission-stop-condition] gate names the second missing waived Atom
Initialized repo in "."
Working copy  (@) now at: zovozqyo fba6ef35 (empty) (no description set)
Parent commit (@-)      : wnynstlt c122a961 candidate
Working copy  (@) now at: wyrwrspx bc55084e (empty) (no description set)
Parent commit (@-)      : zovozqyo 2b5449f5 bookkeeping
Changes to push to origin:
  bookmark: main [add to 2b5449f54a94]
Working copy  (@) now at: qksnkrxt 7ce7de8e (empty) (no description set)
Parent commit (@-)      : wyrwrspx 425bb006 bookkeeping
Changes to push to origin:
  bookmark: main [move forward from 2b5449f54a94 to 425bb0067f25]
   ok   [mission-stop-condition] preclose permits only absent #69 after all row closures pass
   ok   [mission-stop-condition] final gate still requires #69
Initialized repo in "."
Working copy  (@) now at: kyylkuny 541dd886 (empty) (no description set)
Parent commit (@-)      : vltkqvrn d87f844b candidate
Working copy  (@) now at: knmqywok 213de99a (empty) (no description set)
Parent commit (@-)      : kyylkuny 87dcbf1e bookkeeping
Changes to push to origin:
  bookmark: main [add to 87dcbf1e4790]
Working copy  (@) now at: qkykvvrm cac3f7dd (empty) (no description set)
Parent commit (@-)      : knmqywok c884bafc bookkeeping
Changes to push to origin:
  bookmark: main [move forward from 87dcbf1e4790 to c884bafc8fdd]
Working copy  (@) now at: skqoqsqn 4a38a30d (empty) (no description set)
Parent commit (@-)      : qkykvvrm f4f1a956 bookkeeping
Changes to push to origin:
  bookmark: main [move forward from c884bafc8fdd to f4f1a95605f5]
   ok   [mission-stop-condition] canonical records and exact waiver propagation pass
Initialized repo in "."
Working copy  (@) now at: prxpuvzn afe89527 (empty) (no description set)
Parent commit (@-)      : vrqotqqn 7093742c candidate
Working copy  (@) now at: zwkpmwlx 0ede841b (empty) (no description set)
Parent commit (@-)      : prxpuvzn 9f05da57 bookkeeping
Changes to push to origin:
  bookmark: main [add to 9f05da57e957]
Working copy  (@) now at: oozzyyns c546c7c1 (empty) (no description set)
Parent commit (@-)      : zwkpmwlx cf711406 bookkeeping
Changes to push to origin:
  bookmark: main [move forward from 9f05da57e957 to cf7114063973]
Working copy  (@) now at: ynokxrur 8d125a45 (empty) (no description set)
Parent commit (@-)      : oozzyyns 173d749e bookkeeping
Changes to push to origin:
  bookmark: main [move forward from cf7114063973 to 173d749e21ee]
   ok   [mission-stop-condition] documented comma-separated Atom list syntax is accepted
Initialized repo in "."
Working copy  (@) now at: rnqxtwlk c898082d (empty) (no description set)
Parent commit (@-)      : trwukvso ddb67788 candidate
Working copy  (@) now at: tpqvuvwx 29805d6a (empty) (no description set)
Parent commit (@-)      : rnqxtwlk 4d08d5d6 bookkeeping
Changes to push to origin:
  bookmark: main [add to 4d08d5d65199]
Working copy  (@) now at: swnrpmur d074c0e7 (empty) (no description set)
Parent commit (@-)      : tpqvuvwx 2be5525e bookkeeping
Changes to push to origin:
  bookmark: main [move forward from 4d08d5d65199 to 2be5525ed0ca]
Working copy  (@) now at: qnnmzzus 310554d8 (empty) (no description set)
Parent commit (@-)      : swnrpmur 021f3dcf bookkeeping
Changes to push to origin:
  bookmark: main [move forward from 2be5525ed0ca to 021f3dcf5460]
   ok   [mission-stop-condition] missing #69 waiver propagation fails
Initialized repo in "."
Working copy  (@) now at: woururtk 8b3e1657 (empty) (no description set)
Parent commit (@-)      : yplzkwsx 82bf9543 candidate
Working copy  (@) now at: qqywwlnv bc8f68f4 (empty) (no description set)
Parent commit (@-)      : woururtk fb143d33 bookkeeping
Changes to push to origin:
  bookmark: main [add to fb143d331255]
   ok   [mission-stop-condition] invalid digest evidence is a structural failure
Initialized repo in "."
Working copy  (@) now at: lmnrytxs e0d2cf94 (empty) (no description set)
Parent commit (@-)      : rkrtwtlr 84aae6fe candidate
Working copy  (@) now at: myosxylp d4328e49 (empty) (no description set)
Parent commit (@-)      : lmnrytxs 7510cac4 bookkeeping
Changes to push to origin:
  bookmark: main [add to 7510cac421ca]
   ok   [mission-stop-condition] invalid path evidence is a structural failure
Initialized repo in "."
Working copy  (@) now at: mmvtuoku ce10cfb6 (empty) (no description set)
Parent commit (@-)      : nsytszuv 9645b17c candidate
Working copy  (@) now at: kswnvxqy 990cc79d (empty) (no description set)
Parent commit (@-)      : mmvtuoku 31c8baf4 bookkeeping
Changes to push to origin:
  bookmark: main [add to 31c8baf4192f]
   ok   [mission-stop-condition] invalid exit evidence is a structural failure
Initialized repo in "."
Working copy  (@) now at: xoskmtzu cefe51af (empty) (no description set)
Parent commit (@-)      : xxksoxnn 75f259ba candidate
   ok   [mission-stop-condition] a waiver split across physical lines fails
Initialized repo in "."
Working copy  (@) now at: oxnwutmu f8493194 (empty) (no description set)
Parent commit (@-)      : vrypnumk ef5b7908 candidate
   ok   [mission-stop-condition] duplicate Atom/metric waivers fail
Initialized repo in "."
Working copy  (@) now at: qoltwkrs 5b6f99fb (empty) (no description set)
Parent commit (@-)      : ltstrqpl fc2d96f4 candidate
   ok   [mission-stop-condition] waiver for an Atom absent from the table fails
Initialized repo in "."
Working copy  (@) now at: wxtxkwsk 6494af19 (empty) (no description set)
Parent commit (@-)      : wvuntyov 838ee319 candidate
   ok   [mission-stop-condition] rejects atom_alias in every gate input
Initialized repo in "."
Working copy  (@) now at: rqzoklky 25cdf512 (empty) (no description set)
Parent commit (@-)      : wozpwssz add3c07f candidate
   ok   [mission-stop-condition] rejects atom_residue in every gate input
Initialized repo in "."
Working copy  (@) now at: qzkvkrmu e09b4f83 (empty) (no description set)
Parent commit (@-)      : qxoykxzv f5422593 candidate
   ok   [mission-stop-condition] rejects atom_decimal in every gate input
Initialized repo in "."
Working copy  (@) now at: mvuuyutr 2c22b1c5 (empty) (no description set)
Parent commit (@-)      : qntnvrwm 84dee069 candidate
   ok   [mission-stop-condition] rejects atom_text in every gate input
Initialized repo in "."
Working copy  (@) now at: srlkkymw 96e5c570 (empty) (no description set)
Parent commit (@-)      : oqyvrrrt adb67cb0 candidate
   ok   [mission-stop-condition] rejects row_duplicate in every gate input
Initialized repo in "."
Working copy  (@) now at: sxntlwxo 21e6da92 (empty) (no description set)
Parent commit (@-)      : uymsmtup 56da3586 candidate
   ok   [mission-stop-condition] rejects row_gap in every gate input
Initialized repo in "."
Working copy  (@) now at: uopwzoku 6aa675b0 (empty) (no description set)
Parent commit (@-)      : szouwnpl 47e55505 candidate
   ok   [mission-stop-condition] rejects atom_duplicate in every gate input
Initialized repo in "."
Working copy  (@) now at: qrtmlqtt 245560dd (empty) (no description set)
Parent commit (@-)      : myoswqls a928bc22 candidate
   ok   [mission-stop-condition] heading removal after shell preflight fails report mode's Python fallback
Initialized repo in "."
Working copy  (@) now at: mpnyyqtu 28789a1f (empty) (no description set)
Parent commit (@-)      : soqvyrrw 245b3f74 candidate
   ok   [mission-stop-condition] heading removal after shell preflight fails gate mode's Python fallback
Initialized repo in "."
Working copy  (@) now at: tmpkppoz d2507109 (empty) (no description set)
Parent commit (@-)      : rslwqkwx e75017db candidate
   ok   [mission-stop-condition] heading removal after shell preflight fails preclose mode's Python fallback
Initialized repo in "."
Working copy  (@) now at: lpyrvquy e67bb6bf (empty) (no description set)
Parent commit (@-)      : wyvoqmxm 405bc195 candidate
   ok   [mission-stop-condition] waiver metrics are globally unique across Atoms
Initialized repo in "."
Working copy  (@) now at: tlpnuxzx 53ab14fa (empty) (no description set)
Parent commit (@-)      : pnnytnnp f0a5847b candidate
   ok   [mission-stop-condition] missing plan fails bare mode
   ok   [mission-stop-condition] missing plan fails --gate
   ok   [mission-stop-condition] missing plan fails --preclose
Initialized repo in "."
Working copy  (@) now at: uxmtyvtm 6ea989af (empty) (no description set)
Parent commit (@-)      : kkxyluvx 499da997 candidate
   ok   [mission-stop-condition] missing table fails bare mode
   ok   [mission-stop-condition] missing table fails --gate
   ok   [mission-stop-condition] missing table fails --preclose
Initialized repo in "."
Working copy  (@) now at: zxwrlzty 9892c1db (empty) (no description set)
Parent commit (@-)      : yxpsnrsu bc4a6658 candidate
   ok   [mission-stop-condition] missing runbook fails bare mode
   ok   [mission-stop-condition] missing runbook fails --gate
   ok   [mission-stop-condition] missing runbook fails --preclose
Initialized repo in "."
Working copy  (@) now at: zxontykq 4b0e568e (empty) (no description set)
Parent commit (@-)      : yzomnnly e7db5d96 candidate
   ok   [mission-stop-condition] missing sentence fails bare mode
   ok   [mission-stop-condition] missing sentence fails --gate
   ok   [mission-stop-condition] missing sentence fails --preclose
   ok   [mission-stop-condition] unsupported preclose id is rejected
   ok   [mission-stop-condition] preclose cannot be combined with gate
   ok   [mission-stop-condition] preclose requires its Atom id
-- scripts/tests/spec-digests.test.sh
   ok   [spec-digests] no snapshots and no records exits 0
   ok   [spec-digests] no snapshots and a gutted rule fails rather than skipping
   ok   [spec-digests] an LF snapshot whose digest recomputes passes
   ok   [spec-digests] a snapshot captured with CRLF fails
   ok   [spec-digests] a spec_digest that disagrees with its snapshot fails
   ok   [spec-digests] a spec_digest with no committed snapshot fails
-- scripts/tests/toolchain.test.sh
   ok   [toolchain] the static pin contract passes
   ok   [toolchain] a malformed owning pin is rejected without runtime tools
   ok   [toolchain] an installer that drops a pin-file read is rejected
   ok   [toolchain] a floating Python build backend is rejected
-- scripts/tests/verify-local.test.sh
   ok   [verify-local] an unknown verification group is rejected
OK: 14 checker test file(s) passed.
OK: 2 closure record(s) valid with every artifact digest matching, and 1 attempt record(s) valid.
OK: formal/conformance/ does not exist yet (#7 owns it); the vector format and index rule are stated and unchanged.
OK: 12 crate rows cover every graph url and every workspace member; every declared dependency is permitted; the relation is acyclic and transitively closed.
OK: one hard-dependency kind set: Atom
OK: no published PlanRevision under artifacts/plans/*/plan.json yet; the derived-edge rule is stated and unchanged.
OK: seven effect classes, agreed across three sites.
OK: seven evidence-binding components, agreed across six sites.
OK: 11 protocol(s) and 0 run(s) valid; baseline_condition and primary_metric resolve; every protocol_digest matches.
OK: every integration verifier names an adapter-executable command.
OK: 34 invariant sections, each with exactly one **Coverage:** line drawn from 6 catalog states.
OK: 18 acceptance rows naming 51 distinct Atoms.
UNSATISFIED  mission record artifacts/atoms/69/closure.json: no closure record
WAIVER       unresolved_human_metric: #50 — operator-comprehension rating — the ontology ablation scores how quickly a person understands a Mission's decomposition; no machine proxy measures comprehension, and substituting one would answer a different question than the hypothesis asks.
WAIVER       unresolved_human_metric: #54 — operator/manual correction count — counts corrections a human chose to make against a mutable-status baseline; the count is defined by human intervention, so it cannot be synthesized.
UNSATISFIED  row 1: define a Project/Mission/PlanRevision/Initiative/Atom graph through a typed interface
             #9: no closure record at artifacts/atoms/9/closure.json
             #55: no closure record at artifacts/atoms/55/closure.json
             #58: no closure record at artifacts/atoms/58/closure.json
             #44: no closure record at artifacts/atoms/44/closure.json
             #45: no closure record at artifacts/atoms/45/closure.json
UNSATISFIED  row 2: reject structurally invalid decomposition/dependency state
             #10: no closure record at artifacts/atoms/10/closure.json
UNSATISFIED  row 3: persist canonical work/events and rebuild derived state deterministically
             #12: no closure record at artifacts/atoms/12/closure.json
             #25: no closure record at artifacts/atoms/25/closure.json
             #26: no closure record at artifacts/atoms/26/closure.json
UNSATISFIED  row 4: derive ready/blocked work without mutable workflow-status truth
             #13: no closure record at artifacts/atoms/13/closure.json
UNSATISFIED  row 5: schedule compatible Atoms across one or more heterogeneous workers
             #20: no closure record at artifacts/atoms/20/closure.json
             #21: no closure record at artifacts/atoms/21/closure.json
             #24: no closure record at artifacts/atoms/24/closure.json
UNSATISFIED  row 6: create isolated workspaces from exact base states
             #29: no closure record at artifacts/atoms/29/closure.json
             #30: no closure record at artifacts/atoms/30/closure.json
UNSATISFIED  row 7: associate evolving implementations with logical change ids and frozen candidates with exact state ids
             #31: no closure record at artifacts/atoms/31/closure.json
UNSATISFIED  row 8: coordinate declared/observed semantic resource claims and leases
             #22: no closure record at artifacts/atoms/22/closure.json
             #23: no closure record at artifacts/atoms/23/closure.json
UNSATISFIED  row 9: run verifiers against exact candidates and store provenance-bound evidence
             #16: no closure record at artifacts/atoms/16/closure.json
             #17: no closure record at artifacts/atoms/17/closure.json
             #33: no closure record at artifacts/atoms/33/closure.json
UNSATISFIED  row 10: invalidate stale evidence when relevant identity changes
             #15: no closure record at artifacts/atoms/15/closure.json
UNSATISFIED  row 11: integrate independent candidates explicitly and re-verify composition
             #32: no closure record at artifacts/atoms/32/closure.json
UNSATISFIED  row 12: prevent Worker authority from moving accepted or deployed frontiers
             #18: no closure record at artifacts/atoms/18/closure.json
UNSATISFIED  row 13: promote an accepted frontier with race-safe compare-and-swap semantics
             #19: no closure record at artifacts/atoms/19/closure.json
             #27: no closure record at artifacts/atoms/27/closure.json
UNSATISFIED  row 14: replay after process failure without repeating nondeterministic effects
             #11: no closure record at artifacts/atoms/11/closure.json
             #26: no closure record at artifacts/atoms/26/closure.json
             #28: no closure record at artifacts/atoms/28/closure.json
UNSATISFIED  row 15: expose CLI/API surfaces usable by humans and agent harnesses
             #44: no closure record at artifacts/atoms/44/closure.json
             #45: no closure record at artifacts/atoms/45/closure.json
             #46: no closure record at artifacts/atoms/46/closure.json
UNSATISFIED  row 16: run the project's own Atom workflow through Gordian as a self-hosting proof
             #48: no closure record at artifacts/atoms/48/closure.json
             #49: no closure record at artifacts/atoms/49/closure.json
UNSATISFIED  row 17: publish benchmark and falsification evidence for the major Gordian-specific hypotheses
             #34: no closure record at artifacts/atoms/34/closure.json
             #37: no closure record at artifacts/atoms/37/closure.json
             #39: no closure record at artifacts/atoms/39/closure.json
             #50: no closure record at artifacts/atoms/50/closure.json
             #51: no closure record at artifacts/atoms/51/closure.json
             #52: no closure record at artifacts/atoms/52/closure.json
             #53: no closure record at artifacts/atoms/53/closure.json
             #54: no closure record at artifacts/atoms/54/closure.json
             #59: no closure record at artifacts/atoms/59/closure.json
             #60: no closure record at artifacts/atoms/60/closure.json
             #61: no closure record at artifacts/atoms/61/closure.json
             #68: no closure record at artifacts/atoms/68/closure.json
             #75: no closure record at artifacts/atoms/75/closure.json
             #76: no closure record at artifacts/atoms/76/closure.json
             #77: no closure record at artifacts/atoms/77/closure.json
UNSATISFIED  row 18: keep the research knowledge graph synchronized with implemented/falsified concepts
             #8: no closure record at artifacts/atoms/8/closure.json
             #71: no closure record at artifacts/atoms/71/closure.json
             #72: no closure record at artifacts/atoms/72/closure.json
             #73: no closure record at artifacts/atoms/73/closure.json
             #74: no closure record at artifacts/atoms/74/closure.json
Mission incomplete: 18 of 18 acceptance rows unsatisfied.
OK: nanoda is disabled in CI and no node claims it as a verifier.
OK: seven readiness predicates, one definition each.
OK: no predicate body reads a wall clock.
OK: the three Satisfied definitions agree.
computed closure(#49) = [1, 2, 3, 4, 5, 6, 7, 8, 9, 10, 11, 12, 13, 14, 15, 16, 17, 18, 19, 20, 21, 22, 23, 24, 25, 26, 27, 28, 29, 30, 31, 32, 33, 35, 36, 38, 44, 45, 46, 48, 58, 71, 72]
OK: 43 Atoms in closure(#49); 77 registry identities covered with no orphan.
OK: 3 spec snapshot(s) LF-normalized, 2 closure record(s) carry a digest that recomputes.
OK: no hedging vocabulary; every experiment names a class.
clean: 57 target-crate owners
OK: static toolchain pins are single-sourced and internally consistent
exit_code=0
