verifier:formal OK — 49 theorems, axiom closure within {propext, Classical.choice, Quot.sound}
   Compiling proc-macro2 v1.0.107
   Compiling quote v1.0.47
   Compiling unicode-ident v1.0.24
   Compiling utf8parse v0.2.2
   Compiling serde_core v1.0.229
   Compiling anstyle v1.0.14
   Compiling zmij v1.0.23
   Compiling is_terminal_polyfill v1.70.2
   Compiling colorchoice v1.0.5
   Compiling anstyle-query v1.1.5
   Compiling clap_lex v1.1.0
   Compiling foldhash v0.1.5
   Compiling anstyle-parse v1.0.0
   Compiling hashbrown v0.17.1
   Compiling anyhow v1.0.104
   Compiling serde_json v1.0.151
   Compiling serde v1.0.229
   Compiling strsim v0.11.1
   Compiling anstream v1.0.0
   Compiling heck v0.5.0
   Compiling equivalent v1.0.2
   Compiling hashbrown v0.15.5
   Compiling fixedbitset v0.5.7
   Compiling memchr v2.8.3
   Compiling itoa v1.0.18
   Compiling clap_builder v4.6.6
   Compiling indexmap v2.14.1
   Compiling syn v3.0.4
   Compiling petgraph v0.8.3
   Compiling clap_derive v4.6.4
   Compiling serde_derive v1.0.229
   Compiling clap v4.6.6
   Compiling gordian-kg v0.1.0 (/tmp/gordian-land70.QhZncI/workspace/crates/gordian-kg)
    Finished `test` profile [unoptimized + debuginfo] target(s) in 7.06s
     Running unittests src/lib.rs (target/debug/deps/gordian_kg-684c7518c9316092)

running 23 tests
test tests::a_detached_audit_skips_the_on_disk_rules ... ok
test tests::audit_rule_registry_has_no_duplicates ... ok
test tests::acyclic_evidence_graph_reports_no_cycle ... ok
test tests::an_external_vocabulary_replaces_the_built_in_one ... ok
test tests::an_unenumerated_class_accepts_any_status ... ok
test tests::conforming_fixture_is_clean ... ok
test tests::detects_dangling_relation ... ok
test tests::emits_dot_edges ... ok
test tests::every_finding_carries_a_registered_rule ... ok
test tests::evidence_predicate_cycles_are_errors ... ok
test tests::finds_directed_path ... ok
test tests::lean_anchors_match_whole_declaration_names_only ... ok
test tests::foundation_citing_a_non_source_is_an_error ... ok
test tests::foundation_without_a_source_edge_is_an_error ... ok
test tests::missing_status_where_the_class_enumerates_one_is_an_error ... ok
test tests::missing_lean_anchor_is_an_error ... ok
test tests::shards_without_the_new_source_fields_still_parse ... ok
test tests::missing_verification_path_is_an_error ... ok
test tests::planned_verification_targets_are_not_resolved ... ok
test tests::validates_well_formed_graph ... ok
test tests::source_without_a_locator_is_an_error ... ok
test tests::status_outside_the_vocabulary_is_an_error ... ok
test tests::verification_status_outside_the_vocabulary_is_an_error ... ok

test result: ok. 23 passed; 0 failed; 0 ignored; 0 measured; 0 filtered out; finished in 0.00s

     Running unittests src/main.rs (target/debug/deps/gordian_kg-773e236d62883b52)

running 0 tests

test result: ok. 0 passed; 0 failed; 0 ignored; 0 measured; 0 filtered out; finished in 0.00s

   Doc-tests gordian_kg

running 0 tests

test result: ok. 0 passed; 0 failed; 0 ignored; 0 measured; 0 filtered out; finished in 0.00s

   Compiling gordian-kg v0.1.0 (/tmp/gordian-land70.QhZncI/workspace/crates/gordian-kg)
    Finished `dev` profile [unoptimized + debuginfo] target(s) in 0.51s
     Running `target/debug/gordian-kg audit --strict`
audit: 0 errors, 0 warnings
OK: ten conjuncts, same order, same arities, at five sites.
OK: no commit range under review (no git history here); the actor rule is stated and unchanged.
OK: 0 closure record(s) carry a well-formed actor.
OK: no numbered evidence-and-admission anchors.
clean: normalization manifest covers 77 canonical Atoms
clean: 77 Atoms; maximum path to #69 is 18 edges
clean: 33 EO17 rows, 28 owners, 30 first-qualification rows
OK: bootstrap preflight rejects isolated credentials with exit 78 and has no interactive auth path.
OK: 5 planned capabilities; none is claimed in the present tense without a closure record.
-- scripts/tests/actor-identity.test.sh
   ok   [actor-identity] no commit range exits 0
   ok   [actor-identity] no commit range and a gutted rule fails rather than skipping
   ok   [actor-identity] an agent commit with a matching trailer, beside a human commit, passes
   ok   [actor-identity] an agent-authored commit with no trailer fails
   ok   [actor-identity] a trailer that does not match the regex fails
   ok   [actor-identity] a trailer that disagrees with the author fails
   ok   [actor-identity] a human-authored commit claiming an agent actor fails
   ok   [actor-identity] a closure record whose actor is not an actor string fails
   ok   [actor-identity] a record recorded_by an actor absent from the change under review fails
   ok   [actor-identity] a record whose coordinator authored a commit in the change passes
-- scripts/tests/capability-tense.test.sh
   ok   [capability-tense] the repository as it stands passes
   ok   [capability-tense] a present-tense claim in AGENTS.md with no closure record fails
   ok   [capability-tense] a near-synonym of a table label fails too
   ok   [capability-tense] a README with no 'Planned, not built' table fails
   ok   [capability-tense] AGENTS.md dropping the checker reference fails
   ok   [capability-tense] the same claim passes once every unblocking Atom has a closure record
-- scripts/tests/closure-and-attempt-records.test.sh
   ok   [closure-and-attempt-records] no records exits 0
   ok   [closure-and-attempt-records] a missing attempt schema fails
   ok   [closure-and-attempt-records] a valid attempt record passes
   ok   [closure-and-attempt-records] an outcome outside the closed set fails
   ok   [closure-and-attempt-records] a file name that is not <attempt_id>.json fails
   ok   [closure-and-attempt-records] an atom_id disagreeing with its directory fails
   ok   [closure-and-attempt-records] contract_defect with no repair issue fails
   ok   [closure-and-attempt-records] contract_defect naming its repair issue passes
   ok   [closure-and-attempt-records] an attempt_id that disagrees with started_at fails
   ok   [closure-and-attempt-records] a closure record with no verifier and a malformed spec_digest fails
Initialized repo in "."
Working copy  (@) now at: vmoloqtq c041d948 (empty) (no description set)
Parent commit (@-)      : yomlskxl 949859ab candidate
Working copy  (@) now at: wkkzzwtr 09a40cbe (empty) (no description set)
Parent commit (@-)      : vmoloqtq 0c7560b3 bookkeeping
Created 1 bookmarks pointing to vmoloqtq 0c7560b3 main | bookkeeping
Changes to push to origin:
  bookmark: main [add to 0c7560b30d9c]
   ok   [closure-and-attempt-records] a canonical zero-exit verifier log with an exact digest passes
Initialized repo in "."
Working copy  (@) now at: zvsuolpk 13271b28 (empty) (no description set)
Parent commit (@-)      : poovxpox 65c679d5 candidate
Working copy  (@) now at: vquoyttm 783cb61e (empty) (no description set)
Parent commit (@-)      : zvsuolpk a6713605 bookkeeping
Created 1 bookmarks pointing to zvsuolpk a6713605 main | bookkeeping
Changes to push to origin:
  bookmark: main [add to a671360502b0]
   ok   [closure-and-attempt-records] a closure verifier mutation (empty-id) fails closed
Initialized repo in "."
Working copy  (@) now at: uwlrwozu 779ad4b4 (empty) (no description set)
Parent commit (@-)      : tsszywsl 56ec1e52 candidate
Working copy  (@) now at: qsqnsuzx 14d20e0f (empty) (no description set)
Parent commit (@-)      : uwlrwozu 7cdd384e bookkeeping
Created 1 bookmarks pointing to uwlrwozu 7cdd384e main | bookkeeping
Changes to push to origin:
  bookmark: main [add to 7cdd384e2ec4]
   ok   [closure-and-attempt-records] a closure verifier mutation (unsafe-id) fails closed
Initialized repo in "."
Working copy  (@) now at: yszpyrwq 03cb0960 (empty) (no description set)
Parent commit (@-)      : sywtxttr 1646008b candidate
Working copy  (@) now at: nvnnvxyt e8ac8dbd (empty) (no description set)
Parent commit (@-)      : yszpyrwq 53405944 bookkeeping
Created 1 bookmarks pointing to yszpyrwq 53405944 main | bookkeeping
Changes to push to origin:
  bookmark: main [add to 534059444eb2]
   ok   [closure-and-attempt-records] a closure verifier mutation (empty-path) fails closed
Initialized repo in "."
Working copy  (@) now at: vuzykovq 3f5a9f5f (empty) (no description set)
Parent commit (@-)      : vkynluqn 5a5808b4 candidate
Working copy  (@) now at: nxrwxylk b786c96c (empty) (no description set)
Parent commit (@-)      : vuzykovq b75b90ef bookkeeping
Created 1 bookmarks pointing to vuzykovq b75b90ef main | bookkeeping
Changes to push to origin:
  bookmark: main [add to b75b90ef52e0]
   ok   [closure-and-attempt-records] a closure verifier mutation (arbitrary-path) fails closed
Initialized repo in "."
Working copy  (@) now at: kmyvxmrw 2ff7c196 (empty) (no description set)
Parent commit (@-)      : lwqnmswl 01efd04e candidate
Working copy  (@) now at: xzzwosrx 6a6dd764 (empty) (no description set)
Parent commit (@-)      : kmyvxmrw a89ce164 bookkeeping
Created 1 bookmarks pointing to kmyvxmrw a89ce164 main | bookkeeping
Changes to push to origin:
  bookmark: main [add to a89ce1648537]
   ok   [closure-and-attempt-records] a closure verifier mutation (relative-path) fails closed
Initialized repo in "."
Working copy  (@) now at: kvozltqp c74d365e (empty) (no description set)
Parent commit (@-)      : qkxvpsxu 1ad03e78 candidate
Working copy  (@) now at: mousssso d3ce245c (empty) (no description set)
Parent commit (@-)      : kvozltqp 3f048517 bookkeeping
Created 1 bookmarks pointing to kvozltqp 3f048517 main | bookkeeping
Changes to push to origin:
  bookmark: main [add to 3f048517b0de]
   ok   [closure-and-attempt-records] a closure verifier mutation (self-path) fails closed
Initialized repo in "."
Working copy  (@) now at: mtxtyvlp 406bbeca (empty) (no description set)
Parent commit (@-)      : wmsoqumo 34680a39 candidate
Working copy  (@) now at: smvxsvym 239c7bf6 (empty) (no description set)
Parent commit (@-)      : mtxtyvlp c9d95801 bookkeeping
Created 1 bookmarks pointing to mtxtyvlp c9d95801 main | bookkeeping
Changes to push to origin:
  bookmark: main [add to c9d958015d9b]
   ok   [closure-and-attempt-records] a closure verifier mutation (duplicate) fails closed
Initialized repo in "."
Working copy  (@) now at: nmrrrkvw 83da19c4 (empty) (no description set)
Parent commit (@-)      : lkpmllss 96041ebb candidate
Working copy  (@) now at: ztqzqpqx e8a985de (empty) (no description set)
Parent commit (@-)      : nmrrrkvw 405673fc bookkeeping
Created 1 bookmarks pointing to nmrrrkvw 405673fc main | bookkeeping
Changes to push to origin:
  bookmark: main [add to 405673fca5c2]
   ok   [closure-and-attempt-records] a closure verifier mutation (nonzero) fails closed
Initialized repo in "."
Working copy  (@) now at: lplmsrrv 47ae2118 (empty) (no description set)
Parent commit (@-)      : zqqsynyu 2bb14eee candidate
Working copy  (@) now at: ytvtqxvo 6b3d6955 (empty) (no description set)
Parent commit (@-)      : lplmsrrv 37ea5826 bookkeeping
Created 1 bookmarks pointing to lplmsrrv 37ea5826 main | bookkeeping
Changes to push to origin:
  bookmark: main [add to 37ea5826af81]
   ok   [closure-and-attempt-records] a closure verifier mutation (empty-command) fails closed
Initialized repo in "."
Working copy  (@) now at: lnusyzlz 0831eed0 (empty) (no description set)
Parent commit (@-)      : xqqzuqrz cff7891a candidate
Working copy  (@) now at: rxqsmpvt a826587b (empty) (no description set)
Parent commit (@-)      : lnusyzlz 94e8dce2 bookkeeping
Created 1 bookmarks pointing to lnusyzlz 94e8dce2 main | bookkeeping
Changes to push to origin:
  bookmark: main [add to 94e8dce24367]
   ok   [closure-and-attempt-records] a closure verifier mutation (empty-digest) fails closed
Initialized repo in "."
Working copy  (@) now at: xrrmolpm caae7cb5 (empty) (no description set)
Parent commit (@-)      : vwonvrrp 5671b4f9 candidate
Working copy  (@) now at: nmvxlytl 7700d614 (empty) (no description set)
Parent commit (@-)      : xrrmolpm 02cf4ae2 bookkeeping
Created 1 bookmarks pointing to xrrmolpm 02cf4ae2 main | bookkeeping
Changes to push to origin:
  bookmark: main [add to 02cf4ae2e757]
   ok   [closure-and-attempt-records] a closure verifier mutation (missing-artifact) fails closed
-- scripts/tests/conformance-index.test.sh
   ok   [conformance-index] absent suite exits 0
   ok   [conformance-index] absent suite with the format document gutted fails rather than skipping
   ok   [conformance-index] a present but empty suite fails
   ok   [conformance-index] index matching the files on disk passes
   ok   [conformance-index] a vector on disk and absent from the index fails
   ok   [conformance-index] a vector indexed and absent from disk fails
   ok   [conformance-index] a vector violating the fenced schema fails
-- scripts/tests/crate-map.test.sh
   ok   [crate-map] the repository as it stands passes
   ok   [crate-map] an absent crate map fails
   ok   [crate-map] a graph crates/ url with no row fails
   ok   [crate-map] a workspace member with no row fails
   ok   [crate-map] a dependency the row does not permit fails
   ok   [crate-map] a row that is not transitively closed fails
   ok   [crate-map] a cycle in the permitted-dependency relation fails
-- scripts/tests/derived-edges.test.sh
   ok   [derived-edges] empty subject exits 0
   ok   [derived-edges] empty subject with the rule text deleted fails rather than skipping
   ok   [derived-edges] unparsable plan fails
   ok   [derived-edges] a plan whose derived edges rebuild exactly passes
   ok   [derived-edges] a stored edge set that omits a rebuilt edge fails
   ok   [derived-edges] two ProviderBindings for one requirement fail
-- scripts/tests/experiment-manifests.test.sh
   ok   [experiment-manifests] no registered manifests exits 0
   ok   [experiment-manifests] no manifests and a gutted README fails rather than skipping
   ok   [experiment-manifests] a valid protocol and a matching run pass
   ok   [experiment-manifests] a run whose protocol_digest does not match fails
   ok   [experiment-manifests] a baseline_condition that resolves to nothing fails
   ok   [experiment-manifests] a primary_metric that resolves to nothing fails
   ok   [experiment-manifests] an unparsable protocol fails
-- scripts/tests/invariant-coverage.test.sh
   ok   [invariant-coverage] the repository as it stands passes
   ok   [invariant-coverage] a section with no Coverage line fails
   ok   [invariant-coverage] a section with two Coverage lines fails
   ok   [invariant-coverage] a coverage state the catalog does not list fails
   ok   [invariant-coverage] a catalog with no coverage-state list fails
-- scripts/tests/mission-stop-condition.test.sh
Initialized repo in "."
Working copy  (@) now at: uoxosyzk 70d95586 (empty) (no description set)
Parent commit (@-)      : txwvxtqn b50bd362 candidate
   ok   [mission-stop-condition] bare mode reports waived #50/#54 as unsatisfied
   ok   [mission-stop-condition] gate mode rejects missing waived Atoms
   ok   [mission-stop-condition] gate names the second missing waived Atom
Initialized repo in "."
Working copy  (@) now at: zwzzlvqz 573b52a4 (empty) (no description set)
Parent commit (@-)      : kqktrylw ccf1dd2a candidate
Working copy  (@) now at: onykxvow aabd3808 (empty) (no description set)
Parent commit (@-)      : zwzzlvqz a61128a1 bookkeeping
Changes to push to origin:
  bookmark: main [add to a61128a13300]
Working copy  (@) now at: vqqqwwtl 9cbe880b (empty) (no description set)
Parent commit (@-)      : onykxvow ac58d493 bookkeeping
Changes to push to origin:
  bookmark: main [move forward from a61128a13300 to ac58d493b63c]
   ok   [mission-stop-condition] preclose permits only absent #69 after all row closures pass
   ok   [mission-stop-condition] final gate still requires #69
Initialized repo in "."
Working copy  (@) now at: kwytmvsr eba8e4ed (empty) (no description set)
Parent commit (@-)      : uvrmkouu e72074d1 candidate
Working copy  (@) now at: zolmzuzx 47682da1 (empty) (no description set)
Parent commit (@-)      : kwytmvsr c6f02c3c bookkeeping
Changes to push to origin:
  bookmark: main [add to c6f02c3c1083]
Working copy  (@) now at: rstmnorp 4dc1c6c8 (empty) (no description set)
Parent commit (@-)      : zolmzuzx ea344427 bookkeeping
Changes to push to origin:
  bookmark: main [move forward from c6f02c3c1083 to ea34442717a2]
Working copy  (@) now at: xoqsqmkw 7409b6b4 (empty) (no description set)
Parent commit (@-)      : rstmnorp ffeca2be bookkeeping
Changes to push to origin:
  bookmark: main [move forward from ea34442717a2 to ffeca2be1c33]
   ok   [mission-stop-condition] canonical records and exact waiver propagation pass
Initialized repo in "."
Working copy  (@) now at: lvrszwto 94952ef7 (empty) (no description set)
Parent commit (@-)      : rszxorvy ba03812e candidate
Working copy  (@) now at: zmqoksor 1d797cd2 (empty) (no description set)
Parent commit (@-)      : lvrszwto 097b4764 bookkeeping
Changes to push to origin:
  bookmark: main [add to 097b4764d217]
Working copy  (@) now at: vostskmk 4f538c4d (empty) (no description set)
Parent commit (@-)      : zmqoksor 1449a2da bookkeeping
Changes to push to origin:
  bookmark: main [move forward from 097b4764d217 to 1449a2da525f]
Working copy  (@) now at: qykttpmy baac8b06 (empty) (no description set)
Parent commit (@-)      : vostskmk c18c8939 bookkeeping
Changes to push to origin:
  bookmark: main [move forward from 1449a2da525f to c18c8939fbb3]
   ok   [mission-stop-condition] documented comma-separated Atom list syntax is accepted
Initialized repo in "."
Working copy  (@) now at: zvxqpmvz a85c46b0 (empty) (no description set)
Parent commit (@-)      : spwyoyzu 3c6e45a9 candidate
Working copy  (@) now at: yossrosq f750d92c (empty) (no description set)
Parent commit (@-)      : zvxqpmvz 6665761d bookkeeping
Changes to push to origin:
  bookmark: main [add to 6665761d181f]
Working copy  (@) now at: vlmwwysn 0c893ee2 (empty) (no description set)
Parent commit (@-)      : yossrosq 62448aca bookkeeping
Changes to push to origin:
  bookmark: main [move forward from 6665761d181f to 62448aca0981]
Working copy  (@) now at: yvnlknqo 9738b48e (empty) (no description set)
Parent commit (@-)      : vlmwwysn 81a39a26 bookkeeping
Changes to push to origin:
  bookmark: main [move forward from 62448aca0981 to 81a39a269eca]
   ok   [mission-stop-condition] missing #69 waiver propagation fails
Initialized repo in "."
Working copy  (@) now at: rzmyusrz 435f07dd (empty) (no description set)
Parent commit (@-)      : kvrxqlzy 85f4143e candidate
Working copy  (@) now at: vvrvqtms 56606de6 (empty) (no description set)
Parent commit (@-)      : rzmyusrz f510f463 bookkeeping
Changes to push to origin:
  bookmark: main [add to f510f4639b60]
   ok   [mission-stop-condition] invalid digest evidence is a structural failure
Initialized repo in "."
Working copy  (@) now at: ppsqrmwn 3bfc92ee (empty) (no description set)
Parent commit (@-)      : oxyyosol 657c208c candidate
Working copy  (@) now at: wvqsytzr 61d9dc5f (empty) (no description set)
Parent commit (@-)      : ppsqrmwn fb36fe83 bookkeeping
Changes to push to origin:
  bookmark: main [add to fb36fe833248]
   ok   [mission-stop-condition] invalid path evidence is a structural failure
Initialized repo in "."
Working copy  (@) now at: urpkqsvt ecce0565 (empty) (no description set)
Parent commit (@-)      : sqrwmvpx 43c9f37f candidate
Working copy  (@) now at: pqouqouw 4ce666d5 (empty) (no description set)
Parent commit (@-)      : urpkqsvt 54ba1c9f bookkeeping
Changes to push to origin:
  bookmark: main [add to 54ba1c9ff687]
   ok   [mission-stop-condition] invalid exit evidence is a structural failure
Initialized repo in "."
Working copy  (@) now at: olxnmvok 05c584cf (empty) (no description set)
Parent commit (@-)      : uoxsolmt 57186110 candidate
   ok   [mission-stop-condition] a waiver split across physical lines fails
Initialized repo in "."
Working copy  (@) now at: wokmmxxp 41f92a0e (empty) (no description set)
Parent commit (@-)      : tuovmkok b26c7daa candidate
   ok   [mission-stop-condition] duplicate Atom/metric waivers fail
Initialized repo in "."
Working copy  (@) now at: mxprouun e2080bc1 (empty) (no description set)
Parent commit (@-)      : mywkosox cb1864e0 candidate
   ok   [mission-stop-condition] waiver for an Atom absent from the table fails
Initialized repo in "."
Working copy  (@) now at: zsrszxxx 0965a2ee (empty) (no description set)
Parent commit (@-)      : ktlvoumz 29f6b8c5 candidate
   ok   [mission-stop-condition] rejects atom_alias in every gate input
Initialized repo in "."
Working copy  (@) now at: uvvpptyl 9eb58048 (empty) (no description set)
Parent commit (@-)      : wwuyzrpq 7a8cccd9 candidate
   ok   [mission-stop-condition] rejects atom_residue in every gate input
Initialized repo in "."
Working copy  (@) now at: uswuwxql 1ae522a7 (empty) (no description set)
Parent commit (@-)      : xrmnuwwn c6b2ff28 candidate
   ok   [mission-stop-condition] rejects atom_decimal in every gate input
Initialized repo in "."
Working copy  (@) now at: wvvquusq 5e703a39 (empty) (no description set)
Parent commit (@-)      : zsumnryy b65ec089 candidate
   ok   [mission-stop-condition] rejects atom_text in every gate input
Initialized repo in "."
Working copy  (@) now at: swnyzxxo e1b59b21 (empty) (no description set)
Parent commit (@-)      : vtvnlqrr 9abfcf15 candidate
   ok   [mission-stop-condition] rejects row_duplicate in every gate input
Initialized repo in "."
Working copy  (@) now at: uytntvpn 34898c3f (empty) (no description set)
Parent commit (@-)      : mopkzrvs a14eadc5 candidate
   ok   [mission-stop-condition] rejects row_gap in every gate input
Initialized repo in "."
Working copy  (@) now at: wvztmqtt f00b33de (empty) (no description set)
Parent commit (@-)      : nvxzykvz 7613011d candidate
   ok   [mission-stop-condition] rejects atom_duplicate in every gate input
Initialized repo in "."
Working copy  (@) now at: xyzonqrm 8952be25 (empty) (no description set)
Parent commit (@-)      : uqpqwutr 2a0ba9af candidate
   ok   [mission-stop-condition] heading removal after shell preflight fails report mode's Python fallback
Initialized repo in "."
Working copy  (@) now at: yntssyxr d5b8d0b8 (empty) (no description set)
Parent commit (@-)      : owlklzpw 14a31133 candidate
   ok   [mission-stop-condition] heading removal after shell preflight fails gate mode's Python fallback
Initialized repo in "."
Working copy  (@) now at: kqwsrzly 44a068fa (empty) (no description set)
Parent commit (@-)      : lsmztotk 61fd8cd0 candidate
   ok   [mission-stop-condition] heading removal after shell preflight fails preclose mode's Python fallback
Initialized repo in "."
Working copy  (@) now at: zolkoont f66d6852 (empty) (no description set)
Parent commit (@-)      : utopxzpw 1db2a36a candidate
   ok   [mission-stop-condition] waiver metrics are globally unique across Atoms
Initialized repo in "."
Working copy  (@) now at: twwvkpsx e2e83178 (empty) (no description set)
Parent commit (@-)      : lyyznklq f66ef02b candidate
   ok   [mission-stop-condition] missing plan fails bare mode
   ok   [mission-stop-condition] missing plan fails --gate
   ok   [mission-stop-condition] missing plan fails --preclose
Initialized repo in "."
Working copy  (@) now at: wuntvlnx 6038f691 (empty) (no description set)
Parent commit (@-)      : qpyqlzzl b1017261 candidate
   ok   [mission-stop-condition] missing table fails bare mode
   ok   [mission-stop-condition] missing table fails --gate
   ok   [mission-stop-condition] missing table fails --preclose
Initialized repo in "."
Working copy  (@) now at: pmwtqulu 6b9193b0 (empty) (no description set)
Parent commit (@-)      : rysquyrs 2b8c5b08 candidate
   ok   [mission-stop-condition] missing runbook fails bare mode
   ok   [mission-stop-condition] missing runbook fails --gate
   ok   [mission-stop-condition] missing runbook fails --preclose
Initialized repo in "."
Working copy  (@) now at: koyspsrk da6ccd1f (empty) (no description set)
Parent commit (@-)      : xutpoyuk b483a82b candidate
   ok   [mission-stop-condition] missing sentence fails bare mode
   ok   [mission-stop-condition] missing sentence fails --gate
   ok   [mission-stop-condition] missing sentence fails --preclose
   ok   [mission-stop-condition] unsupported preclose id is rejected
   ok   [mission-stop-condition] preclose cannot be combined with gate
   ok   [mission-stop-condition] preclose requires its Atom id
-- scripts/tests/spec-digests.test.sh
   ok   [spec-digests] no snapshots and no records exits 0
   ok   [spec-digests] no snapshots and a gutted rule fails rather than skipping
   ok   [spec-digests] an LF snapshot whose digest recomputes passes
   ok   [spec-digests] a snapshot captured with CRLF fails
   ok   [spec-digests] a spec_digest that disagrees with its snapshot fails
   ok   [spec-digests] a spec_digest with no committed snapshot fails
OK: 10 checker test file(s) passed.
OK: 0 closure record(s) valid with every artifact digest matching, and 1 attempt record(s) valid.
OK: formal/conformance/ does not exist yet (#7 owns it); the vector format and index rule are stated and unchanged.
OK: 12 crate rows cover every graph url and every workspace member; every declared dependency is permitted; the relation is acyclic and transitively closed.
OK: one hard-dependency kind set: Atom
OK: no published PlanRevision under artifacts/plans/*/plan.json yet; the derived-edge rule is stated and unchanged.
OK: seven effect classes, agreed across three sites.
OK: seven evidence-binding components, agreed across six sites.
OK: 10 protocol(s) and 0 run(s) valid; baseline_condition and primary_metric resolve; every protocol_digest matches.
OK: every integration verifier names an adapter-executable command.
OK: 34 invariant sections, each with exactly one **Coverage:** line drawn from 6 catalog states.
OK: 18 acceptance rows naming 51 distinct Atoms.
UNSATISFIED  mission record artifacts/atoms/69/closure.json: no closure record
WAIVER       unresolved_human_metric: #50 — operator-comprehension rating — the ontology ablation scores how quickly a person understands a Mission's decomposition; no machine proxy measures comprehension, and substituting one would answer a different question than the hypothesis asks.
WAIVER       unresolved_human_metric: #54 — operator/manual correction count — counts corrections a human chose to make against a mutable-status baseline; the count is defined by human intervention, so it cannot be synthesized.
UNSATISFIED  row 1: define a Project/Mission/PlanRevision/Initiative/Atom graph through a typed interface
             #9: no closure record at artifacts/atoms/9/closure.json
             #55: no closure record at artifacts/atoms/55/closure.json
             #58: no closure record at artifacts/atoms/58/closure.json
             #44: no closure record at artifacts/atoms/44/closure.json
             #45: no closure record at artifacts/atoms/45/closure.json
UNSATISFIED  row 2: reject structurally invalid decomposition/dependency state
             #10: no closure record at artifacts/atoms/10/closure.json
UNSATISFIED  row 3: persist canonical work/events and rebuild derived state deterministically
             #12: no closure record at artifacts/atoms/12/closure.json
             #25: no closure record at artifacts/atoms/25/closure.json
             #26: no closure record at artifacts/atoms/26/closure.json
UNSATISFIED  row 4: derive ready/blocked work without mutable workflow-status truth
             #13: no closure record at artifacts/atoms/13/closure.json
UNSATISFIED  row 5: schedule compatible Atoms across one or more heterogeneous workers
             #20: no closure record at artifacts/atoms/20/closure.json
             #21: no closure record at artifacts/atoms/21/closure.json
             #24: no closure record at artifacts/atoms/24/closure.json
UNSATISFIED  row 6: create isolated workspaces from exact base states
             #29: no closure record at artifacts/atoms/29/closure.json
             #30: no closure record at artifacts/atoms/30/closure.json
UNSATISFIED  row 7: associate evolving implementations with logical change ids and frozen candidates with exact state ids
             #31: no closure record at artifacts/atoms/31/closure.json
UNSATISFIED  row 8: coordinate declared/observed semantic resource claims and leases
             #22: no closure record at artifacts/atoms/22/closure.json
             #23: no closure record at artifacts/atoms/23/closure.json
UNSATISFIED  row 9: run verifiers against exact candidates and store provenance-bound evidence
             #16: no closure record at artifacts/atoms/16/closure.json
             #17: no closure record at artifacts/atoms/17/closure.json
             #33: no closure record at artifacts/atoms/33/closure.json
UNSATISFIED  row 10: invalidate stale evidence when relevant identity changes
             #15: no closure record at artifacts/atoms/15/closure.json
UNSATISFIED  row 11: integrate independent candidates explicitly and re-verify composition
             #32: no closure record at artifacts/atoms/32/closure.json
UNSATISFIED  row 12: prevent Worker authority from moving accepted or deployed frontiers
             #18: no closure record at artifacts/atoms/18/closure.json
UNSATISFIED  row 13: promote an accepted frontier with race-safe compare-and-swap semantics
             #19: no closure record at artifacts/atoms/19/closure.json
             #27: no closure record at artifacts/atoms/27/closure.json
UNSATISFIED  row 14: replay after process failure without repeating nondeterministic effects
             #11: no closure record at artifacts/atoms/11/closure.json
             #26: no closure record at artifacts/atoms/26/closure.json
             #28: no closure record at artifacts/atoms/28/closure.json
UNSATISFIED  row 15: expose CLI/API surfaces usable by humans and agent harnesses
             #44: no closure record at artifacts/atoms/44/closure.json
             #45: no closure record at artifacts/atoms/45/closure.json
             #46: no closure record at artifacts/atoms/46/closure.json
UNSATISFIED  row 16: run the project's own Atom workflow through Gordian as a self-hosting proof
             #48: no closure record at artifacts/atoms/48/closure.json
             #49: no closure record at artifacts/atoms/49/closure.json
UNSATISFIED  row 17: publish benchmark and falsification evidence for the major Gordian-specific hypotheses
             #34: no closure record at artifacts/atoms/34/closure.json
             #37: no closure record at artifacts/atoms/37/closure.json
             #39: no closure record at artifacts/atoms/39/closure.json
             #50: no closure record at artifacts/atoms/50/closure.json
             #51: no closure record at artifacts/atoms/51/closure.json
             #52: no closure record at artifacts/atoms/52/closure.json
             #53: no closure record at artifacts/atoms/53/closure.json
             #54: no closure record at artifacts/atoms/54/closure.json
             #59: no closure record at artifacts/atoms/59/closure.json
             #60: no closure record at artifacts/atoms/60/closure.json
             #61: no closure record at artifacts/atoms/61/closure.json
             #68: no closure record at artifacts/atoms/68/closure.json
             #75: no closure record at artifacts/atoms/75/closure.json
             #76: no closure record at artifacts/atoms/76/closure.json
             #77: no closure record at artifacts/atoms/77/closure.json
UNSATISFIED  row 18: keep the research knowledge graph synchronized with implemented/falsified concepts
             #8: no closure record at artifacts/atoms/8/closure.json
             #71: no closure record at artifacts/atoms/71/closure.json
             #72: no closure record at artifacts/atoms/72/closure.json
             #73: no closure record at artifacts/atoms/73/closure.json
             #74: no closure record at artifacts/atoms/74/closure.json
Mission incomplete: 18 of 18 acceptance rows unsatisfied.
OK: nanoda is disabled in CI and no node claims it as a verifier.
OK: seven readiness predicates, one definition each.
OK: no predicate body reads a wall clock.
OK: the three Satisfied definitions agree.
computed closure(#49) = [1, 2, 3, 4, 5, 6, 7, 8, 9, 10, 11, 12, 13, 14, 15, 16, 17, 18, 19, 20, 21, 22, 23, 24, 25, 26, 27, 28, 29, 30, 31, 32, 33, 35, 36, 38, 44, 45, 46, 48, 58, 71, 72]
OK: 43 Atoms in closure(#49); 77 registry identities covered with no orphan.
OK: 1 spec snapshot(s) LF-normalized, 0 closure record(s) carry a digest that recomputes.
OK: no hedging vocabulary; every experiment names a class.
clean: 57 target-crate owners
