subject_exact_state_id=771a2bd7ea3979ead73d86a969a6a6b0d98854be
command=bash scripts/check-workloads.sh
test_generated_parameter_shapes_match_checked_in_schema (orchestration.tests.test_workloads.GoldenManifestAcceptanceTests.test_generated_parameter_shapes_match_checked_in_schema) ... ok
test_manifest_rejects_digest_and_metadata_mutations (orchestration.tests.test_workloads.GoldenManifestAcceptanceTests.test_manifest_rejects_digest_and_metadata_mutations) ... ok
test_manifest_rejects_missing_and_duplicate_composition (orchestration.tests.test_workloads.GoldenManifestAcceptanceTests.test_manifest_rejects_missing_and_duplicate_composition) ... ok
test_manifest_rejects_path_order_duplicates_and_traversal (orchestration.tests.test_workloads.GoldenManifestAcceptanceTests.test_manifest_rejects_path_order_duplicates_and_traversal) ... ok
test_package_root_workload_exports_are_lazy_and_stable (orchestration.tests.test_workloads.GoldenManifestAcceptanceTests.test_package_root_workload_exports_are_lazy_and_stable) ... ok
test_repository_regeneration_mismatch_is_rejected (orchestration.tests.test_workloads.GoldenManifestAcceptanceTests.test_repository_regeneration_mismatch_is_rejected) ... ok
test_valid_manifest_and_cli_are_read_only (orchestration.tests.test_workloads.GoldenManifestAcceptanceTests.test_valid_manifest_and_cli_are_read_only) ... ok
test_extract_is_path_mtime_locale_and_hashseed_independent (orchestration.tests.test_workloads.RepositoryWorkloadAcceptanceTests.test_extract_is_path_mtime_locale_and_hashseed_independent) ... ok
test_in_scope_manifest_edit_changes_source_digest_and_dimension (orchestration.tests.test_workloads.RepositoryWorkloadAcceptanceTests.test_in_scope_manifest_edit_changes_source_digest_and_dimension) ... ok
test_out_of_scope_files_and_metadata_do_not_change_source (orchestration.tests.test_workloads.RepositoryWorkloadAcceptanceTests.test_out_of_scope_files_and_metadata_do_not_change_source) ... ok
test_repository_generator_has_repository_origin_and_valid_graph (orchestration.tests.test_workloads.RepositoryWorkloadAcceptanceTests.test_repository_generator_has_repository_origin_and_valid_graph) ... ok
test_repository_input_rejects_symlink_missing_identity_and_bad_edges (orchestration.tests.test_workloads.RepositoryWorkloadAcceptanceTests.test_repository_input_rejects_symlink_missing_identity_and_bad_edges) ... ok
test_repository_manifest_schema_and_keys_are_closed (orchestration.tests.test_workloads.RepositoryWorkloadAcceptanceTests.test_repository_manifest_schema_and_keys_are_closed) ... ok
test_repository_weighted_path_can_be_shorter_than_graph_depth (orchestration.tests.test_workloads.RepositoryWorkloadAcceptanceTests.test_repository_weighted_path_can_be_shorter_than_graph_depth) ... ok
test_canonical_roundtrip_accepts_lexicographic_histogram_keys (orchestration.tests.test_workloads.WorkloadAcceptanceTests.test_canonical_roundtrip_accepts_lexicographic_histogram_keys) ... ok
test_capacity_one_resource_contention_and_heterogeneous_workers (orchestration.tests.test_workloads.WorkloadAcceptanceTests.test_capacity_one_resource_contention_and_heterogeneous_workers) ... ok
test_cli_rejects_duplicate_and_noncanonical_workload_json (orchestration.tests.test_workloads.WorkloadAcceptanceTests.test_cli_rejects_duplicate_and_noncanonical_workload_json) ... ok
test_density_fan_degrees_and_histograms (orchestration.tests.test_workloads.WorkloadAcceptanceTests.test_density_fan_degrees_and_histograms) ... ok
test_deterministic_canonical_bytes_and_digest (orchestration.tests.test_workloads.WorkloadAcceptanceTests.test_deterministic_canonical_bytes_and_digest) ... ok
test_different_seeds_change_payload_not_only_identity (orchestration.tests.test_workloads.WorkloadAcceptanceTests.test_different_seeds_change_payload_not_only_identity) ... ok
test_envelope_bounds (orchestration.tests.test_workloads.WorkloadAcceptanceTests.test_envelope_bounds) ... ok
test_every_distribution_has_metadata_and_is_valid (orchestration.tests.test_workloads.WorkloadAcceptanceTests.test_every_distribution_has_metadata_and_is_valid) ... ok
test_graph_is_dag_and_reachability_is_consistent (orchestration.tests.test_workloads.WorkloadAcceptanceTests.test_graph_is_dag_and_reachability_is_consistent) ... ok
test_history_references_and_nonempty_volume (orchestration.tests.test_workloads.WorkloadAcceptanceTests.test_history_references_and_nonempty_volume) ... ok
test_public_constants_and_distribution_vocabulary (orchestration.tests.test_workloads.WorkloadAcceptanceTests.test_public_constants_and_distribution_vocabulary) ... ok
test_rejects_all_metadata_tampering (orchestration.tests.test_workloads.WorkloadAcceptanceTests.test_rejects_all_metadata_tampering) ... ok
test_rejects_dangling_cycle_and_impossible_parameters (orchestration.tests.test_workloads.WorkloadAcceptanceTests.test_rejects_dangling_cycle_and_impossible_parameters) ... ok
test_rejects_evidence_subject_not_a_node_after_identity_recompute (orchestration.tests.test_workloads.WorkloadAcceptanceTests.test_rejects_evidence_subject_not_a_node_after_identity_recompute) ... ok
test_seed_11765_and_all_matrix_records_match_json_schema (orchestration.tests.test_workloads.WorkloadAcceptanceTests.test_seed_11765_and_all_matrix_records_match_json_schema) ... ok
test_seed_matrix_all_distributions (orchestration.tests.test_workloads.WorkloadAcceptanceTests.test_seed_matrix_all_distributions) ... ok
test_semantic_overlap_uses_incomparable_pairs (orchestration.tests.test_workloads.WorkloadAcceptanceTests.test_semantic_overlap_uses_incomparable_pairs) ... ok
test_small_width_is_exact_antichain_and_complete_layers_cross_check (orchestration.tests.test_workloads.WorkloadAcceptanceTests.test_small_width_is_exact_antichain_and_complete_layers_cross_check) ... ok
test_weighted_critical_path_and_total_work_integer_oracle (orchestration.tests.test_workloads.WorkloadAcceptanceTests.test_weighted_critical_path_and_total_work_integer_oracle) ... ok
test_worker_duration_scale_schema_bounds (orchestration.tests.test_workloads.WorkloadAcceptanceTests.test_worker_duration_scale_schema_bounds) ... ok

----------------------------------------------------------------------
Ran 34 tests in 186.685s

OK
experiments/workloads/golden/manifest.json: valid
