subject_exact_state_id=771a2bd7ea3979ead73d86a969a6a6b0d98854be
command=scripts/verify-local.sh rust-check
OK: runtime toolchain matches repository pins (rust cargo-deny)
   Compiling proc-macro2 v1.0.107
   Compiling unicode-ident v1.0.24
   Compiling quote v1.0.47
   Compiling serde_core v1.0.229
    Checking utf8parse v0.2.2
    Checking anstyle v1.0.14
    Checking anstyle-query v1.1.5
   Compiling zmij v1.0.23
    Checking is_terminal_polyfill v1.70.2
    Checking colorchoice v1.0.5
   Compiling serde_json v1.0.151
    Checking equivalent v1.0.2
   Compiling heck v0.5.0
    Checking hashbrown v0.17.1
    Checking foldhash v0.1.5
    Checking anstyle-parse v1.0.0
   Compiling anyhow v1.0.104
    Checking clap_lex v1.1.0
   Compiling serde v1.0.229
    Checking strsim v0.11.1
    Checking hashbrown v0.15.5
    Checking anstream v1.0.0
    Checking memchr v2.8.3
    Checking fixedbitset v0.5.7
    Checking itoa v1.0.18
    Checking clap_builder v4.6.6
    Checking indexmap v2.14.1
   Compiling syn v3.0.4
    Checking petgraph v0.8.3
   Compiling serde_derive v1.0.229
   Compiling clap_derive v4.6.4
    Checking clap v4.6.6
    Checking gordian-kg v0.1.0 (/tmp/gordian-atom3-landing.KJJB0p/workspace/crates/gordian-kg)
    Finished `dev` profile [unoptimized + debuginfo] target(s) in 5.40s
   Compiling utf8parse v0.2.2
   Compiling anstyle v1.0.14
   Compiling anstyle-query v1.1.5
   Compiling colorchoice v1.0.5
   Compiling is_terminal_polyfill v1.70.2
   Compiling foldhash v0.1.5
   Compiling equivalent v1.0.2
   Compiling clap_lex v1.1.0
   Compiling strsim v0.11.1
   Compiling serde_core v1.0.229
   Compiling hashbrown v0.17.1
   Compiling zmij v1.0.23
   Compiling fixedbitset v0.5.7
   Compiling anstyle-parse v1.0.0
   Compiling itoa v1.0.18
   Compiling memchr v2.8.3
   Compiling anyhow v1.0.104
   Compiling hashbrown v0.15.5
   Compiling anstream v1.0.0
   Compiling clap_builder v4.6.6
   Compiling indexmap v2.14.1
   Compiling petgraph v0.8.3
   Compiling clap v4.6.6
   Compiling serde_json v1.0.151
   Compiling serde v1.0.229
   Compiling gordian-kg v0.1.0 (/tmp/gordian-atom3-landing.KJJB0p/workspace/crates/gordian-kg)
    Finished `test` profile [unoptimized + debuginfo] target(s) in 4.78s
     Running unittests src/lib.rs (target/debug/deps/gordian_kg-684c7518c9316092)

running 24 tests
test tests::a_detached_audit_skips_the_on_disk_rules ... ok
test tests::acyclic_evidence_graph_reports_no_cycle ... ok
test tests::an_external_vocabulary_replaces_the_built_in_one ... ok
test tests::audit_rule_registry_has_no_duplicates ... ok
test tests::an_unenumerated_class_accepts_any_status ... ok
test tests::emits_dot_edges ... ok
test tests::detects_dangling_relation ... ok
test tests::conforming_fixture_is_clean ... ok
test tests::every_finding_carries_a_registered_rule ... ok
test tests::evidence_predicate_cycles_are_errors ... ok
test tests::finds_directed_path ... ok
test tests::missing_lean_anchor_is_an_error ... ok
test tests::shards_without_the_new_source_fields_still_parse ... ok
test tests::every_audit_rule_has_a_clean_and_failing_case ... ok
test tests::planned_verification_targets_are_not_resolved ... ok
test tests::status_outside_the_vocabulary_is_an_error ... ok
test tests::missing_status_where_the_class_enumerates_one_is_an_error ... ok
test tests::lean_anchors_match_whole_declaration_names_only ... ok
test tests::foundation_citing_a_non_source_is_an_error ... ok
test tests::validates_well_formed_graph ... ok
test tests::missing_verification_path_is_an_error ... ok
test tests::verification_status_outside_the_vocabulary_is_an_error ... ok
test tests::foundation_without_a_source_edge_is_an_error ... ok
test tests::source_without_a_locator_is_an_error ... ok

test result: ok. 24 passed; 0 failed; 0 ignored; 0 measured; 0 filtered out; finished in 0.00s

     Running unittests src/main.rs (target/debug/deps/gordian_kg-773e236d62883b52)

running 0 tests

test result: ok. 0 passed; 0 failed; 0 ignored; 0 measured; 0 filtered out; finished in 0.00s

     Running tests/cli.rs (target/debug/deps/cli-de4016d50306b77b)

running 3 tests
test readme_subcommand_block_and_clap_surface_are_equal ... ok
test every_subcommand_runs_against_the_canonical_graph ... ok
test every_audit_rule_fails_through_the_strict_cli ... ok

test result: ok. 3 passed; 0 failed; 0 ignored; 0 measured; 0 filtered out; finished in 0.23s

   Doc-tests gordian_kg

running 0 tests

test result: ok. 0 passed; 0 failed; 0 ignored; 0 measured; 0 filtered out; finished in 0.00s

warning[duplicate]: found 2 duplicate entries for crate 'hashbrown'
   ┌─ /tmp/gordian-atom3-landing.KJJB0p/workspace/Cargo.lock:16:1
   │  
16 │ ╭ hashbrown 0.15.5 registry+https://github.com/rust-lang/crates.io-index
17 │ │ hashbrown 0.17.1 registry+https://github.com/rust-lang/crates.io-index
   │ ╰──────────────────────────────────────────────────────────────────────┘ lock entries
   │  
   ├ hashbrown v0.15.5
     └── petgraph v0.8.3
         └── gordian-kg v0.1.0
   ├ hashbrown v0.17.1
     └── indexmap v2.14.1
         └── petgraph v0.8.3
             └── gordian-kg v0.1.0

advisories ok, bans ok, licenses ok, sources ok
