subject_exact_state_id=771a2bd7ea3979ead73d86a969a6a6b0d98854be
command=scripts/verify-local.sh spec-consistency
OK: ten conjuncts, same order, same arities, at five sites.
OK: no commit range under review (no git history here); the actor rule is stated and unchanged.
OK: 3 closure record(s) carry a well-formed actor.
OK: no numbered evidence-and-admission anchors.
clean: normalization manifest covers 77 canonical Atoms
clean: 77 Atoms; maximum path to #69 is 18 edges
clean: 33 EO17 rows, 28 owners, 30 first-qualification rows
OK: bootstrap preflight rejects isolated credentials with exit 78 and has no interactive auth path.
OK: 5 planned capabilities; none is claimed in the present tense without a closure record.
-- scripts/tests/actor-identity.test.sh
   ok   [actor-identity] no commit range exits 0
   ok   [actor-identity] no commit range and a gutted rule fails rather than skipping
   ok   [actor-identity] an agent commit with a matching trailer, beside a human commit, passes
   ok   [actor-identity] an agent-authored commit with no trailer fails
   ok   [actor-identity] a trailer that does not match the regex fails
   ok   [actor-identity] a trailer that disagrees with the author fails
   ok   [actor-identity] a human-authored commit claiming an agent actor fails
   ok   [actor-identity] a closure record whose actor is not an actor string fails
   ok   [actor-identity] a record recorded_by an actor absent from the change under review fails
   ok   [actor-identity] a record whose coordinator authored a commit in the change passes
-- scripts/tests/capability-tense.test.sh
   ok   [capability-tense] the repository as it stands passes
   ok   [capability-tense] a present-tense claim in AGENTS.md with no closure record fails
   ok   [capability-tense] a near-synonym of a table label fails too
   ok   [capability-tense] a README with no 'Planned, not built' table fails
   ok   [capability-tense] AGENTS.md dropping the checker reference fails
   ok   [capability-tense] the same claim passes once every unblocking Atom has a closure record
-- scripts/tests/closure-and-attempt-records.test.sh
   ok   [closure-and-attempt-records] no records exits 0
   ok   [closure-and-attempt-records] a missing attempt schema fails
   ok   [closure-and-attempt-records] a valid attempt record passes
   ok   [closure-and-attempt-records] an outcome outside the closed set fails
   ok   [closure-and-attempt-records] a file name that is not <attempt_id>.json fails
   ok   [closure-and-attempt-records] an atom_id disagreeing with its directory fails
   ok   [closure-and-attempt-records] contract_defect with no repair issue fails
   ok   [closure-and-attempt-records] contract_defect naming its repair issue passes
   ok   [closure-and-attempt-records] an attempt_id that disagrees with started_at fails
   ok   [closure-and-attempt-records] a closure record with no verifier and a malformed spec_digest fails
Initialized repo in "."
Working copy  (@) now at: lyoxqqzk 2ec1c389 (empty) (no description set)
Parent commit (@-)      : npqzsyru f553b6b2 candidate
Working copy  (@) now at: pttlrylr 834e83d3 (empty) (no description set)
Parent commit (@-)      : lyoxqqzk b8dc85cb bookkeeping
Created 1 bookmarks pointing to lyoxqqzk b8dc85cb main | bookkeeping
Changes to push to origin:
  bookmark: main [add to b8dc85cb92b1]
   ok   [closure-and-attempt-records] a canonical zero-exit verifier log with an exact digest passes
Initialized repo in "."
Working copy  (@) now at: xxqwlvwp c4a78705 (empty) (no description set)
Parent commit (@-)      : wvvousyu 3697e451 candidate
Working copy  (@) now at: qpyrovqm 90d25d4b (empty) (no description set)
Parent commit (@-)      : xxqwlvwp f9379cfd bookkeeping
Created 1 bookmarks pointing to xxqwlvwp f9379cfd main | bookkeeping
Changes to push to origin:
  bookmark: main [add to f9379cfd0383]
   ok   [closure-and-attempt-records] a closure verifier mutation (empty-id) fails closed
Initialized repo in "."
Working copy  (@) now at: suumunso 1c5ad013 (empty) (no description set)
Parent commit (@-)      : woukymwu 17a8cc26 candidate
Working copy  (@) now at: szotsuys 3fa580a6 (empty) (no description set)
Parent commit (@-)      : suumunso fa34e1d2 bookkeeping
Created 1 bookmarks pointing to suumunso fa34e1d2 main | bookkeeping
Changes to push to origin:
  bookmark: main [add to fa34e1d2c314]
   ok   [closure-and-attempt-records] a closure verifier mutation (unsafe-id) fails closed
Initialized repo in "."
Working copy  (@) now at: lzunnnly 8927cd96 (empty) (no description set)
Parent commit (@-)      : lomytyvv ca36eba7 candidate
Working copy  (@) now at: yupmromu 5c940216 (empty) (no description set)
Parent commit (@-)      : lzunnnly 915c9b1f bookkeeping
Created 1 bookmarks pointing to lzunnnly 915c9b1f main | bookkeeping
Changes to push to origin:
  bookmark: main [add to 915c9b1f7604]
   ok   [closure-and-attempt-records] a closure verifier mutation (empty-path) fails closed
Initialized repo in "."
Working copy  (@) now at: umtoozll 14507862 (empty) (no description set)
Parent commit (@-)      : nuqwzmmo a10d4d30 candidate
Working copy  (@) now at: lzkrryzw a1973ab8 (empty) (no description set)
Parent commit (@-)      : umtoozll 6ea14eb0 bookkeeping
Created 1 bookmarks pointing to umtoozll 6ea14eb0 main | bookkeeping
Changes to push to origin:
  bookmark: main [add to 6ea14eb00355]
   ok   [closure-and-attempt-records] a closure verifier mutation (arbitrary-path) fails closed
Initialized repo in "."
Working copy  (@) now at: utrmlksk 053158d2 (empty) (no description set)
Parent commit (@-)      : yoyzupnm a4be662b candidate
Working copy  (@) now at: llqqtynv 22c5c38b (empty) (no description set)
Parent commit (@-)      : utrmlksk fb49463a bookkeeping
Created 1 bookmarks pointing to utrmlksk fb49463a main | bookkeeping
Changes to push to origin:
  bookmark: main [add to fb49463a7927]
   ok   [closure-and-attempt-records] a closure verifier mutation (relative-path) fails closed
Initialized repo in "."
Working copy  (@) now at: wnnomymo 15f43444 (empty) (no description set)
Parent commit (@-)      : ovynzwxq 2177ee53 candidate
Working copy  (@) now at: rnvwywqm 517e08a0 (empty) (no description set)
Parent commit (@-)      : wnnomymo a06f81cd bookkeeping
Created 1 bookmarks pointing to wnnomymo a06f81cd main | bookkeeping
Changes to push to origin:
  bookmark: main [add to a06f81cd3007]
   ok   [closure-and-attempt-records] a closure verifier mutation (self-path) fails closed
Initialized repo in "."
Working copy  (@) now at: xtquvqzu 7c78a891 (empty) (no description set)
Parent commit (@-)      : lukopnyr badbdafe candidate
Working copy  (@) now at: nyxmqyku 2b52c0f6 (empty) (no description set)
Parent commit (@-)      : xtquvqzu a6fbf040 bookkeeping
Created 1 bookmarks pointing to xtquvqzu a6fbf040 main | bookkeeping
Changes to push to origin:
  bookmark: main [add to a6fbf04063b5]
   ok   [closure-and-attempt-records] a closure verifier mutation (duplicate) fails closed
Initialized repo in "."
Working copy  (@) now at: zxtlkxzn 4968a1b4 (empty) (no description set)
Parent commit (@-)      : mlsrpqum d6fef671 candidate
Working copy  (@) now at: xqrrltnw 46d1eb65 (empty) (no description set)
Parent commit (@-)      : zxtlkxzn e6299fd1 bookkeeping
Created 1 bookmarks pointing to zxtlkxzn e6299fd1 main | bookkeeping
Changes to push to origin:
  bookmark: main [add to e6299fd19884]
   ok   [closure-and-attempt-records] a closure verifier mutation (nonzero) fails closed
Initialized repo in "."
Working copy  (@) now at: vyknmuus 426f1fe6 (empty) (no description set)
Parent commit (@-)      : vpzszosl a33b618a candidate
Working copy  (@) now at: tnmtpqwx 6babbe04 (empty) (no description set)
Parent commit (@-)      : vyknmuus 2bdd2e51 bookkeeping
Created 1 bookmarks pointing to vyknmuus 2bdd2e51 main | bookkeeping
Changes to push to origin:
  bookmark: main [add to 2bdd2e512a94]
   ok   [closure-and-attempt-records] a closure verifier mutation (empty-command) fails closed
Initialized repo in "."
Working copy  (@) now at: kpluostv ddb0b4e2 (empty) (no description set)
Parent commit (@-)      : zzonxpow e77b745a candidate
Working copy  (@) now at: zkvmxqpp 9085c2c1 (empty) (no description set)
Parent commit (@-)      : kpluostv a4a4bc17 bookkeeping
Created 1 bookmarks pointing to kpluostv a4a4bc17 main | bookkeeping
Changes to push to origin:
  bookmark: main [add to a4a4bc1717f3]
   ok   [closure-and-attempt-records] a closure verifier mutation (empty-digest) fails closed
Initialized repo in "."
Working copy  (@) now at: vtpszypu a5117509 (empty) (no description set)
Parent commit (@-)      : tvxlzzsy b807a3ea candidate
Working copy  (@) now at: ltmpvoqz 0922882b (empty) (no description set)
Parent commit (@-)      : vtpszypu 65dbdfa7 bookkeeping
Created 1 bookmarks pointing to vtpszypu 65dbdfa7 main | bookkeeping
Changes to push to origin:
  bookmark: main [add to 65dbdfa7cc43]
   ok   [closure-and-attempt-records] a closure verifier mutation (missing-artifact) fails closed
-- scripts/tests/conformance-index.test.sh
   ok   [conformance-index] absent suite exits 0
   ok   [conformance-index] absent suite with the format document gutted fails rather than skipping
   ok   [conformance-index] a present but empty suite fails
   ok   [conformance-index] index matching the files on disk passes
   ok   [conformance-index] a vector on disk and absent from the index fails
   ok   [conformance-index] a vector indexed and absent from disk fails
   ok   [conformance-index] a vector violating the fenced schema fails
-- scripts/tests/crate-map.test.sh
   ok   [crate-map] the repository as it stands passes
   ok   [crate-map] an absent crate map fails
   ok   [crate-map] a graph crates/ url with no row fails
   ok   [crate-map] a workspace member with no row fails
   ok   [crate-map] a dependency the row does not permit fails
   ok   [crate-map] a row that is not transitively closed fails
   ok   [crate-map] a cycle in the permitted-dependency relation fails
-- scripts/tests/derived-edges.test.sh
   ok   [derived-edges] empty subject exits 0
   ok   [derived-edges] empty subject with the rule text deleted fails rather than skipping
   ok   [derived-edges] unparsable plan fails
   ok   [derived-edges] a plan whose derived edges rebuild exactly passes
   ok   [derived-edges] a stored edge set that omits a rebuilt edge fails
   ok   [derived-edges] two ProviderBindings for one requirement fail
-- scripts/tests/experiment-manifests.test.sh
   ok   [experiment-manifests] no registered manifests exits 0
   ok   [experiment-manifests] no manifests and a gutted README fails rather than skipping
   ok   [experiment-manifests] a valid protocol and a matching run pass
   ok   [experiment-manifests] a run whose protocol_digest does not match fails
   ok   [experiment-manifests] a baseline_condition that resolves to nothing fails
   ok   [experiment-manifests] a primary_metric that resolves to nothing fails
   ok   [experiment-manifests] an unparsable protocol fails
-- scripts/tests/formal-evidence.test.sh
   ok   [formal-evidence] tool metadata without a verifier cannot mint evidence
   ok   [formal-evidence] dirty formal sources cannot mint evidence
   ok   [formal-evidence] valid invocation runs the complete verifier before writing
   ok   [formal-evidence] caller-controlled exact state is rejected
   ok   [formal-evidence] repository-local output cannot mutate the attested state
-- scripts/tests/install-toolchains.test.sh
   ok   [install-toolchains] an unknown installation target is rejected without downloads
   ok   [install-toolchains] missing elan bootstraps through the official installer without network access
   ok   [install-toolchains] elan bootstrap verifies the pinned release digest
   ok   [install-toolchains] elan bootstrap disables default-toolchain drift
   ok   [install-toolchains] elan installs the exact repository Lean pin
   ok   [install-toolchains] elan bootstrap reports the bin directory needed by the next command
-- scripts/tests/invariant-coverage.test.sh
   ok   [invariant-coverage] the repository as it stands passes
   ok   [invariant-coverage] a section with no Coverage line fails
   ok   [invariant-coverage] a section with two Coverage lines fails
   ok   [invariant-coverage] a coverage state the catalog does not list fails
   ok   [invariant-coverage] a catalog with no coverage-state list fails
-- scripts/tests/mission-stop-condition.test.sh
Initialized repo in "."
Working copy  (@) now at: xlxtlskv e4661f16 (empty) (no description set)
Parent commit (@-)      : vwsotylk 5e3b2a48 candidate
   ok   [mission-stop-condition] bare mode reports waived #50/#54 as unsatisfied
   ok   [mission-stop-condition] gate mode rejects missing waived Atoms
   ok   [mission-stop-condition] gate names the second missing waived Atom
Initialized repo in "."
Working copy  (@) now at: nvlqpyms aa8dbcd9 (empty) (no description set)
Parent commit (@-)      : lplzlkqz 6060421d candidate
Working copy  (@) now at: npnyonnx b3a9c9ad (empty) (no description set)
Parent commit (@-)      : nvlqpyms af8b563f bookkeeping
Changes to push to origin:
  bookmark: main [add to af8b563fa034]
Working copy  (@) now at: zlnqopzo 26a5d799 (empty) (no description set)
Parent commit (@-)      : npnyonnx a78299b9 bookkeeping
Changes to push to origin:
  bookmark: main [move forward from af8b563fa034 to a78299b9a5ea]
   ok   [mission-stop-condition] preclose permits only absent #69 after all row closures pass
   ok   [mission-stop-condition] final gate still requires #69
Initialized repo in "."
Working copy  (@) now at: qtrzkytw f6130f98 (empty) (no description set)
Parent commit (@-)      : krszuwry cafbe207 candidate
Working copy  (@) now at: xrokyoql 9c1c0e75 (empty) (no description set)
Parent commit (@-)      : qtrzkytw 2f138a89 bookkeeping
Changes to push to origin:
  bookmark: main [add to 2f138a89de86]
Working copy  (@) now at: zmkspyqo e3cf3c6b (empty) (no description set)
Parent commit (@-)      : xrokyoql 1b3d2b8f bookkeeping
Changes to push to origin:
  bookmark: main [move forward from 2f138a89de86 to 1b3d2b8f92a0]
Working copy  (@) now at: xvqyrpks b4f3a7c2 (empty) (no description set)
Parent commit (@-)      : zmkspyqo 037a939e bookkeeping
Changes to push to origin:
  bookmark: main [move forward from 1b3d2b8f92a0 to 037a939e7b35]
   ok   [mission-stop-condition] canonical records and exact waiver propagation pass
Initialized repo in "."
Working copy  (@) now at: rtnzoyyz c9f58951 (empty) (no description set)
Parent commit (@-)      : twkqstks b7091721 candidate
Working copy  (@) now at: ykoxstsq b7ee3531 (empty) (no description set)
Parent commit (@-)      : rtnzoyyz 8b63c813 bookkeeping
Changes to push to origin:
  bookmark: main [add to 8b63c813138f]
Working copy  (@) now at: vwtxvpro 47eab8df (empty) (no description set)
Parent commit (@-)      : ykoxstsq 88c8d8ff bookkeeping
Changes to push to origin:
  bookmark: main [move forward from 8b63c813138f to 88c8d8ff8a73]
Working copy  (@) now at: mytzooum af8169b8 (empty) (no description set)
Parent commit (@-)      : vwtxvpro 9c4c78a5 bookkeeping
Changes to push to origin:
  bookmark: main [move forward from 88c8d8ff8a73 to 9c4c78a5795a]
   ok   [mission-stop-condition] documented comma-separated Atom list syntax is accepted
Initialized repo in "."
Working copy  (@) now at: qzwnvwxn 044598b8 (empty) (no description set)
Parent commit (@-)      : zpvnprws 14bf758a candidate
Working copy  (@) now at: rmyxqpmq a8f83307 (empty) (no description set)
Parent commit (@-)      : qzwnvwxn af618fef bookkeeping
Changes to push to origin:
  bookmark: main [add to af618fef0a3d]
Working copy  (@) now at: xyqxqqyn 4b7db003 (empty) (no description set)
Parent commit (@-)      : rmyxqpmq 5f0c0ce9 bookkeeping
Changes to push to origin:
  bookmark: main [move forward from af618fef0a3d to 5f0c0ce99718]
Working copy  (@) now at: svtuxvxy 78f76dab (empty) (no description set)
Parent commit (@-)      : xyqxqqyn 2564b6c5 bookkeeping
Changes to push to origin:
  bookmark: main [move forward from 5f0c0ce99718 to 2564b6c53166]
   ok   [mission-stop-condition] missing #69 waiver propagation fails
Initialized repo in "."
Working copy  (@) now at: nutzplpl a6857dd2 (empty) (no description set)
Parent commit (@-)      : sypmrksn f9b0f371 candidate
Working copy  (@) now at: pmtvovku 3f43fb41 (empty) (no description set)
Parent commit (@-)      : nutzplpl df8f5b44 bookkeeping
Changes to push to origin:
  bookmark: main [add to df8f5b44b4b3]
   ok   [mission-stop-condition] invalid digest evidence is a structural failure
Initialized repo in "."
Working copy  (@) now at: olmtnttt d0c939b5 (empty) (no description set)
Parent commit (@-)      : otuwwvws dca1f04c candidate
Working copy  (@) now at: mpovnlkt 75f8a8b0 (empty) (no description set)
Parent commit (@-)      : olmtnttt 8267d5c4 bookkeeping
Changes to push to origin:
  bookmark: main [add to 8267d5c4f34e]
   ok   [mission-stop-condition] invalid path evidence is a structural failure
Initialized repo in "."
Working copy  (@) now at: wqrtzsyq 3ffef303 (empty) (no description set)
Parent commit (@-)      : npvykkos 2d774490 candidate
Working copy  (@) now at: ztkqqups 3e0687ba (empty) (no description set)
Parent commit (@-)      : wqrtzsyq 42e87a59 bookkeeping
Changes to push to origin:
  bookmark: main [add to 42e87a592c9f]
   ok   [mission-stop-condition] invalid exit evidence is a structural failure
Initialized repo in "."
Working copy  (@) now at: vuymxnvp c677eccc (empty) (no description set)
Parent commit (@-)      : ouskpqvq f5444e85 candidate
   ok   [mission-stop-condition] a waiver split across physical lines fails
Initialized repo in "."
Working copy  (@) now at: wnuokysy 97c71e1d (empty) (no description set)
Parent commit (@-)      : oynqvrzz 1354c7b1 candidate
   ok   [mission-stop-condition] duplicate Atom/metric waivers fail
Initialized repo in "."
Working copy  (@) now at: vmozloyt ced5f91c (empty) (no description set)
Parent commit (@-)      : wrqnxvkt a51ef058 candidate
   ok   [mission-stop-condition] waiver for an Atom absent from the table fails
Initialized repo in "."
Working copy  (@) now at: opnlomuz 975351c3 (empty) (no description set)
Parent commit (@-)      : xupkltqy 5a975a46 candidate
   ok   [mission-stop-condition] rejects atom_alias in every gate input
Initialized repo in "."
Working copy  (@) now at: nzxrlvyk f154707c (empty) (no description set)
Parent commit (@-)      : nvukqlmk e2663d82 candidate
   ok   [mission-stop-condition] rejects atom_residue in every gate input
Initialized repo in "."
Working copy  (@) now at: unlrvrok f0c99c62 (empty) (no description set)
Parent commit (@-)      : yoznwuyl a7dba2a7 candidate
   ok   [mission-stop-condition] rejects atom_decimal in every gate input
Initialized repo in "."
Working copy  (@) now at: pklyytpp 1b28145f (empty) (no description set)
Parent commit (@-)      : mvkytqvn 99841166 candidate
   ok   [mission-stop-condition] rejects atom_text in every gate input
Initialized repo in "."
Working copy  (@) now at: ppwvtmkx 74647e48 (empty) (no description set)
Parent commit (@-)      : lqozlvls ce66c273 candidate
   ok   [mission-stop-condition] rejects row_duplicate in every gate input
Initialized repo in "."
Working copy  (@) now at: purktwlr d4a19121 (empty) (no description set)
Parent commit (@-)      : puuomtyn a4a4bf6c candidate
   ok   [mission-stop-condition] rejects row_gap in every gate input
Initialized repo in "."
Working copy  (@) now at: rvlzovqr f027dbce (empty) (no description set)
Parent commit (@-)      : vuslpyrn 4ff8a21a candidate
   ok   [mission-stop-condition] rejects atom_duplicate in every gate input
Initialized repo in "."
Working copy  (@) now at: oxouzxty 4aa7bbe2 (empty) (no description set)
Parent commit (@-)      : voxplpln c9354305 candidate
   ok   [mission-stop-condition] heading removal after shell preflight fails report mode's Python fallback
Initialized repo in "."
Working copy  (@) now at: truuznzx adc4ea11 (empty) (no description set)
Parent commit (@-)      : lvppuqyr a4cb1f9a candidate
   ok   [mission-stop-condition] heading removal after shell preflight fails gate mode's Python fallback
Initialized repo in "."
Working copy  (@) now at: oktxmomn d50faf86 (empty) (no description set)
Parent commit (@-)      : yspypnvx 5a6c5f6c candidate
   ok   [mission-stop-condition] heading removal after shell preflight fails preclose mode's Python fallback
Initialized repo in "."
Working copy  (@) now at: zxxwzvvt c71b52ce (empty) (no description set)
Parent commit (@-)      : kyqsposw 0c251953 candidate
   ok   [mission-stop-condition] waiver metrics are globally unique across Atoms
Initialized repo in "."
Working copy  (@) now at: uwynvxqp df78ff9e (empty) (no description set)
Parent commit (@-)      : vrrzsvnt 48eb6c40 candidate
   ok   [mission-stop-condition] missing plan fails bare mode
   ok   [mission-stop-condition] missing plan fails --gate
   ok   [mission-stop-condition] missing plan fails --preclose
Initialized repo in "."
Working copy  (@) now at: wwkzstzz 52e74637 (empty) (no description set)
Parent commit (@-)      : stwlorou ef17f8e5 candidate
   ok   [mission-stop-condition] missing table fails bare mode
   ok   [mission-stop-condition] missing table fails --gate
   ok   [mission-stop-condition] missing table fails --preclose
Initialized repo in "."
Working copy  (@) now at: nynrlkry 0b425842 (empty) (no description set)
Parent commit (@-)      : twwyqwlx b7caae34 candidate
   ok   [mission-stop-condition] missing runbook fails bare mode
   ok   [mission-stop-condition] missing runbook fails --gate
   ok   [mission-stop-condition] missing runbook fails --preclose
Initialized repo in "."
Working copy  (@) now at: pvsxwlkz 4ca7b337 (empty) (no description set)
Parent commit (@-)      : oxmyrllt ff8717e5 candidate
   ok   [mission-stop-condition] missing sentence fails bare mode
   ok   [mission-stop-condition] missing sentence fails --gate
   ok   [mission-stop-condition] missing sentence fails --preclose
   ok   [mission-stop-condition] unsupported preclose id is rejected
   ok   [mission-stop-condition] preclose cannot be combined with gate
   ok   [mission-stop-condition] preclose requires its Atom id
-- scripts/tests/spec-digests.test.sh
   ok   [spec-digests] no snapshots and no records exits 0
   ok   [spec-digests] no snapshots and a gutted rule fails rather than skipping
   ok   [spec-digests] an LF snapshot whose digest recomputes passes
   ok   [spec-digests] a snapshot captured with CRLF fails
   ok   [spec-digests] a spec_digest that disagrees with its snapshot fails
   ok   [spec-digests] a spec_digest with no committed snapshot fails
-- scripts/tests/toolchain.test.sh
   ok   [toolchain] the static pin contract passes
   ok   [toolchain] a malformed owning pin is rejected without runtime tools
   ok   [toolchain] an installer that drops a pin-file read is rejected
   ok   [toolchain] a floating Python build backend is rejected
-- scripts/tests/verify-local.test.sh
   ok   [verify-local] an unknown verification group is rejected
OK: 14 checker test file(s) passed.
OK: 3 closure record(s) valid with every artifact digest matching, and 1 attempt record(s) valid.
OK: formal/conformance/ does not exist yet (#7 owns it); the vector format and index rule are stated and unchanged.
OK: 12 crate rows cover every graph url and every workspace member; every declared dependency is permitted; the relation is acyclic and transitively closed.
OK: one hard-dependency kind set: Atom
OK: no published PlanRevision under artifacts/plans/*/plan.json yet; the derived-edge rule is stated and unchanged.
OK: seven effect classes, agreed across three sites.
OK: seven evidence-binding components, agreed across six sites.
OK: 11 protocol(s) and 0 run(s) valid; baseline_condition and primary_metric resolve; every protocol_digest matches.
OK: every integration verifier names an adapter-executable command.
OK: 34 invariant sections, each with exactly one **Coverage:** line drawn from 6 catalog states.
OK: 18 acceptance rows naming 51 distinct Atoms.
UNSATISFIED  mission record artifacts/atoms/69/closure.json: no closure record
WAIVER       unresolved_human_metric: #50 — operator-comprehension rating — the ontology ablation scores how quickly a person understands a Mission's decomposition; no machine proxy measures comprehension, and substituting one would answer a different question than the hypothesis asks.
WAIVER       unresolved_human_metric: #54 — operator/manual correction count — counts corrections a human chose to make against a mutable-status baseline; the count is defined by human intervention, so it cannot be synthesized.
UNSATISFIED  row 1: define a Project/Mission/PlanRevision/Initiative/Atom graph through a typed interface
             #9: no closure record at artifacts/atoms/9/closure.json
             #55: no closure record at artifacts/atoms/55/closure.json
             #58: no closure record at artifacts/atoms/58/closure.json
             #44: no closure record at artifacts/atoms/44/closure.json
             #45: no closure record at artifacts/atoms/45/closure.json
UNSATISFIED  row 2: reject structurally invalid decomposition/dependency state
             #10: no closure record at artifacts/atoms/10/closure.json
UNSATISFIED  row 3: persist canonical work/events and rebuild derived state deterministically
             #12: no closure record at artifacts/atoms/12/closure.json
             #25: no closure record at artifacts/atoms/25/closure.json
             #26: no closure record at artifacts/atoms/26/closure.json
UNSATISFIED  row 4: derive ready/blocked work without mutable workflow-status truth
             #13: no closure record at artifacts/atoms/13/closure.json
UNSATISFIED  row 5: schedule compatible Atoms across one or more heterogeneous workers
             #20: no closure record at artifacts/atoms/20/closure.json
             #21: no closure record at artifacts/atoms/21/closure.json
             #24: no closure record at artifacts/atoms/24/closure.json
UNSATISFIED  row 6: create isolated workspaces from exact base states
             #29: no closure record at artifacts/atoms/29/closure.json
             #30: no closure record at artifacts/atoms/30/closure.json
UNSATISFIED  row 7: associate evolving implementations with logical change ids and frozen candidates with exact state ids
             #31: no closure record at artifacts/atoms/31/closure.json
UNSATISFIED  row 8: coordinate declared/observed semantic resource claims and leases
             #22: no closure record at artifacts/atoms/22/closure.json
             #23: no closure record at artifacts/atoms/23/closure.json
UNSATISFIED  row 9: run verifiers against exact candidates and store provenance-bound evidence
             #16: no closure record at artifacts/atoms/16/closure.json
             #17: no closure record at artifacts/atoms/17/closure.json
             #33: no closure record at artifacts/atoms/33/closure.json
UNSATISFIED  row 10: invalidate stale evidence when relevant identity changes
             #15: no closure record at artifacts/atoms/15/closure.json
UNSATISFIED  row 11: integrate independent candidates explicitly and re-verify composition
             #32: no closure record at artifacts/atoms/32/closure.json
UNSATISFIED  row 12: prevent Worker authority from moving accepted or deployed frontiers
             #18: no closure record at artifacts/atoms/18/closure.json
UNSATISFIED  row 13: promote an accepted frontier with race-safe compare-and-swap semantics
             #19: no closure record at artifacts/atoms/19/closure.json
             #27: no closure record at artifacts/atoms/27/closure.json
UNSATISFIED  row 14: replay after process failure without repeating nondeterministic effects
             #11: no closure record at artifacts/atoms/11/closure.json
             #26: no closure record at artifacts/atoms/26/closure.json
             #28: no closure record at artifacts/atoms/28/closure.json
UNSATISFIED  row 15: expose CLI/API surfaces usable by humans and agent harnesses
             #44: no closure record at artifacts/atoms/44/closure.json
             #45: no closure record at artifacts/atoms/45/closure.json
             #46: no closure record at artifacts/atoms/46/closure.json
UNSATISFIED  row 16: run the project's own Atom workflow through Gordian as a self-hosting proof
             #48: no closure record at artifacts/atoms/48/closure.json
             #49: no closure record at artifacts/atoms/49/closure.json
UNSATISFIED  row 17: publish benchmark and falsification evidence for the major Gordian-specific hypotheses
             #34: no closure record at artifacts/atoms/34/closure.json
             #37: no closure record at artifacts/atoms/37/closure.json
             #39: no closure record at artifacts/atoms/39/closure.json
             #50: no closure record at artifacts/atoms/50/closure.json
             #51: no closure record at artifacts/atoms/51/closure.json
             #52: no closure record at artifacts/atoms/52/closure.json
             #53: no closure record at artifacts/atoms/53/closure.json
             #54: no closure record at artifacts/atoms/54/closure.json
             #59: no closure record at artifacts/atoms/59/closure.json
             #60: no closure record at artifacts/atoms/60/closure.json
             #61: no closure record at artifacts/atoms/61/closure.json
             #68: no closure record at artifacts/atoms/68/closure.json
             #75: no closure record at artifacts/atoms/75/closure.json
             #76: no closure record at artifacts/atoms/76/closure.json
             #77: no closure record at artifacts/atoms/77/closure.json
UNSATISFIED  row 18: keep the research knowledge graph synchronized with implemented/falsified concepts
             #8: no closure record at artifacts/atoms/8/closure.json
             #71: no closure record at artifacts/atoms/71/closure.json
             #72: no closure record at artifacts/atoms/72/closure.json
             #73: no closure record at artifacts/atoms/73/closure.json
             #74: no closure record at artifacts/atoms/74/closure.json
Mission incomplete: 18 of 18 acceptance rows unsatisfied.
OK: nanoda is disabled in CI and no node claims it as a verifier.
OK: seven readiness predicates, one definition each.
OK: no predicate body reads a wall clock.
OK: the three Satisfied definitions agree.
computed closure(#49) = [1, 2, 3, 4, 5, 6, 7, 8, 9, 10, 11, 12, 13, 14, 15, 16, 17, 18, 19, 20, 21, 22, 23, 24, 25, 26, 27, 28, 29, 30, 31, 32, 33, 35, 36, 38, 44, 45, 46, 48, 58, 71, 72]
OK: 43 Atoms in closure(#49); 77 registry identities covered with no orphan.
OK: 4 spec snapshot(s) LF-normalized, 3 closure record(s) carry a digest that recomputes.
OK: no hedging vocabulary; every experiment names a class.
clean: 57 target-crate owners
OK: static toolchain pins are single-sourced and internally consistent
test_generated_parameter_shapes_match_checked_in_schema (orchestration.tests.test_workloads.GoldenManifestAcceptanceTests.test_generated_parameter_shapes_match_checked_in_schema) ... ok
test_manifest_rejects_digest_and_metadata_mutations (orchestration.tests.test_workloads.GoldenManifestAcceptanceTests.test_manifest_rejects_digest_and_metadata_mutations) ... ok
test_manifest_rejects_missing_and_duplicate_composition (orchestration.tests.test_workloads.GoldenManifestAcceptanceTests.test_manifest_rejects_missing_and_duplicate_composition) ... ok
test_manifest_rejects_path_order_duplicates_and_traversal (orchestration.tests.test_workloads.GoldenManifestAcceptanceTests.test_manifest_rejects_path_order_duplicates_and_traversal) ... ok
test_package_root_workload_exports_are_lazy_and_stable (orchestration.tests.test_workloads.GoldenManifestAcceptanceTests.test_package_root_workload_exports_are_lazy_and_stable) ... ok
test_repository_regeneration_mismatch_is_rejected (orchestration.tests.test_workloads.GoldenManifestAcceptanceTests.test_repository_regeneration_mismatch_is_rejected) ... ok
test_valid_manifest_and_cli_are_read_only (orchestration.tests.test_workloads.GoldenManifestAcceptanceTests.test_valid_manifest_and_cli_are_read_only) ... ok
test_extract_is_path_mtime_locale_and_hashseed_independent (orchestration.tests.test_workloads.RepositoryWorkloadAcceptanceTests.test_extract_is_path_mtime_locale_and_hashseed_independent) ... ok
test_in_scope_manifest_edit_changes_source_digest_and_dimension (orchestration.tests.test_workloads.RepositoryWorkloadAcceptanceTests.test_in_scope_manifest_edit_changes_source_digest_and_dimension) ... ok
test_out_of_scope_files_and_metadata_do_not_change_source (orchestration.tests.test_workloads.RepositoryWorkloadAcceptanceTests.test_out_of_scope_files_and_metadata_do_not_change_source) ... ok
test_repository_generator_has_repository_origin_and_valid_graph (orchestration.tests.test_workloads.RepositoryWorkloadAcceptanceTests.test_repository_generator_has_repository_origin_and_valid_graph) ... ok
test_repository_input_rejects_symlink_missing_identity_and_bad_edges (orchestration.tests.test_workloads.RepositoryWorkloadAcceptanceTests.test_repository_input_rejects_symlink_missing_identity_and_bad_edges) ... ok
test_repository_manifest_schema_and_keys_are_closed (orchestration.tests.test_workloads.RepositoryWorkloadAcceptanceTests.test_repository_manifest_schema_and_keys_are_closed) ... ok
test_repository_weighted_path_can_be_shorter_than_graph_depth (orchestration.tests.test_workloads.RepositoryWorkloadAcceptanceTests.test_repository_weighted_path_can_be_shorter_than_graph_depth) ... ok
test_canonical_roundtrip_accepts_lexicographic_histogram_keys (orchestration.tests.test_workloads.WorkloadAcceptanceTests.test_canonical_roundtrip_accepts_lexicographic_histogram_keys) ... ok
test_capacity_one_resource_contention_and_heterogeneous_workers (orchestration.tests.test_workloads.WorkloadAcceptanceTests.test_capacity_one_resource_contention_and_heterogeneous_workers) ... ok
test_cli_rejects_duplicate_and_noncanonical_workload_json (orchestration.tests.test_workloads.WorkloadAcceptanceTests.test_cli_rejects_duplicate_and_noncanonical_workload_json) ... ok
test_density_fan_degrees_and_histograms (orchestration.tests.test_workloads.WorkloadAcceptanceTests.test_density_fan_degrees_and_histograms) ... ok
test_deterministic_canonical_bytes_and_digest (orchestration.tests.test_workloads.WorkloadAcceptanceTests.test_deterministic_canonical_bytes_and_digest) ... ok
test_different_seeds_change_payload_not_only_identity (orchestration.tests.test_workloads.WorkloadAcceptanceTests.test_different_seeds_change_payload_not_only_identity) ... ok
test_envelope_bounds (orchestration.tests.test_workloads.WorkloadAcceptanceTests.test_envelope_bounds) ... ok
test_every_distribution_has_metadata_and_is_valid (orchestration.tests.test_workloads.WorkloadAcceptanceTests.test_every_distribution_has_metadata_and_is_valid) ... ok
test_graph_is_dag_and_reachability_is_consistent (orchestration.tests.test_workloads.WorkloadAcceptanceTests.test_graph_is_dag_and_reachability_is_consistent) ... ok
test_history_references_and_nonempty_volume (orchestration.tests.test_workloads.WorkloadAcceptanceTests.test_history_references_and_nonempty_volume) ... ok
test_public_constants_and_distribution_vocabulary (orchestration.tests.test_workloads.WorkloadAcceptanceTests.test_public_constants_and_distribution_vocabulary) ... ok
test_rejects_all_metadata_tampering (orchestration.tests.test_workloads.WorkloadAcceptanceTests.test_rejects_all_metadata_tampering) ... ok
test_rejects_dangling_cycle_and_impossible_parameters (orchestration.tests.test_workloads.WorkloadAcceptanceTests.test_rejects_dangling_cycle_and_impossible_parameters) ... ok
test_rejects_evidence_subject_not_a_node_after_identity_recompute (orchestration.tests.test_workloads.WorkloadAcceptanceTests.test_rejects_evidence_subject_not_a_node_after_identity_recompute) ... ok
test_seed_11765_and_all_matrix_records_match_json_schema (orchestration.tests.test_workloads.WorkloadAcceptanceTests.test_seed_11765_and_all_matrix_records_match_json_schema) ... ok
test_seed_matrix_all_distributions (orchestration.tests.test_workloads.WorkloadAcceptanceTests.test_seed_matrix_all_distributions) ... ok
test_semantic_overlap_uses_incomparable_pairs (orchestration.tests.test_workloads.WorkloadAcceptanceTests.test_semantic_overlap_uses_incomparable_pairs) ... ok
test_small_width_is_exact_antichain_and_complete_layers_cross_check (orchestration.tests.test_workloads.WorkloadAcceptanceTests.test_small_width_is_exact_antichain_and_complete_layers_cross_check) ... ok
test_weighted_critical_path_and_total_work_integer_oracle (orchestration.tests.test_workloads.WorkloadAcceptanceTests.test_weighted_critical_path_and_total_work_integer_oracle) ... ok
test_worker_duration_scale_schema_bounds (orchestration.tests.test_workloads.WorkloadAcceptanceTests.test_worker_duration_scale_schema_bounds) ... ok

----------------------------------------------------------------------
Ran 34 tests in 184.636s

OK
experiments/workloads/golden/manifest.json: valid
