subject_exact_state_id=7b11ee451248e8ee0d3d0cbb8188e56984ec8464
command=cargo fmt --all -- --check; cargo clippy --locked --workspace --all-targets -- -D warnings; cargo test --locked --workspace
    Finished `dev` profile [unoptimized + debuginfo] target(s) in 0.08s
    Finished `test` profile [unoptimized + debuginfo] target(s) in 0.05s
     Running unittests src/lib.rs (target/debug/deps/gordian_kg-684c7518c9316092)

running 23 tests
test tests::audit_rule_registry_has_no_duplicates ... ok
test tests::a_detached_audit_skips_the_on_disk_rules ... ok
test tests::acyclic_evidence_graph_reports_no_cycle ... ok
test tests::an_unenumerated_class_accepts_any_status ... ok
test tests::an_external_vocabulary_replaces_the_built_in_one ... ok
test tests::detects_dangling_relation ... ok
test tests::conforming_fixture_is_clean ... ok
test tests::emits_dot_edges ... ok
test tests::finds_directed_path ... ok
test tests::evidence_predicate_cycles_are_errors ... ok
test tests::lean_anchors_match_whole_declaration_names_only ... ok
test tests::foundation_citing_a_non_source_is_an_error ... ok
test tests::every_finding_carries_a_registered_rule ... ok
test tests::foundation_without_a_source_edge_is_an_error ... ok
test tests::missing_status_where_the_class_enumerates_one_is_an_error ... ok
test tests::missing_verification_path_is_an_error ... ok
test tests::missing_lean_anchor_is_an_error ... ok
test tests::shards_without_the_new_source_fields_still_parse ... ok
test tests::planned_verification_targets_are_not_resolved ... ok
test tests::validates_well_formed_graph ... ok
test tests::status_outside_the_vocabulary_is_an_error ... ok
test tests::source_without_a_locator_is_an_error ... ok
test tests::verification_status_outside_the_vocabulary_is_an_error ... ok

test result: ok. 23 passed; 0 failed; 0 ignored; 0 measured; 0 filtered out; finished in 0.00s

     Running unittests src/main.rs (target/debug/deps/gordian_kg-773e236d62883b52)

running 0 tests

test result: ok. 0 passed; 0 failed; 0 ignored; 0 measured; 0 filtered out; finished in 0.00s

   Doc-tests gordian_kg

running 0 tests

test result: ok. 0 passed; 0 failed; 0 ignored; 0 measured; 0 filtered out; finished in 0.00s

exit_code=0
