subject_exact_state_id=7b11ee451248e8ee0d3d0cbb8188e56984ec8464
command=for s in scripts/check-*.sh; do bash "$s"; done; shellcheck scripts/*.sh; bash -n scripts/*.sh; python3 -m compileall -q scripts/
OK: ten conjuncts, same order, same arities, at five sites.
OK: no commit range under review (no git history here); the actor rule is stated and unchanged.
OK: 1 closure record(s) carry a well-formed actor.
OK: no numbered evidence-and-admission anchors.
clean: normalization manifest covers 77 canonical Atoms
clean: 77 Atoms; maximum path to #69 is 18 edges
clean: 33 EO17 rows, 28 owners, 30 first-qualification rows
OK: bootstrap preflight rejects isolated credentials with exit 78 and has no interactive auth path.
OK: 5 planned capabilities; none is claimed in the present tense without a closure record.
-- scripts/tests/actor-identity.test.sh
   ok   [actor-identity] no commit range exits 0
   ok   [actor-identity] no commit range and a gutted rule fails rather than skipping
   ok   [actor-identity] an agent commit with a matching trailer, beside a human commit, passes
   ok   [actor-identity] an agent-authored commit with no trailer fails
   ok   [actor-identity] a trailer that does not match the regex fails
   ok   [actor-identity] a trailer that disagrees with the author fails
   ok   [actor-identity] a human-authored commit claiming an agent actor fails
   ok   [actor-identity] a closure record whose actor is not an actor string fails
   ok   [actor-identity] a record recorded_by an actor absent from the change under review fails
   ok   [actor-identity] a record whose coordinator authored a commit in the change passes
-- scripts/tests/capability-tense.test.sh
   ok   [capability-tense] the repository as it stands passes
   ok   [capability-tense] a present-tense claim in AGENTS.md with no closure record fails
   ok   [capability-tense] a near-synonym of a table label fails too
   ok   [capability-tense] a README with no 'Planned, not built' table fails
   ok   [capability-tense] AGENTS.md dropping the checker reference fails
   ok   [capability-tense] the same claim passes once every unblocking Atom has a closure record
-- scripts/tests/closure-and-attempt-records.test.sh
   ok   [closure-and-attempt-records] no records exits 0
   ok   [closure-and-attempt-records] a missing attempt schema fails
   ok   [closure-and-attempt-records] a valid attempt record passes
   ok   [closure-and-attempt-records] an outcome outside the closed set fails
   ok   [closure-and-attempt-records] a file name that is not <attempt_id>.json fails
   ok   [closure-and-attempt-records] an atom_id disagreeing with its directory fails
   ok   [closure-and-attempt-records] contract_defect with no repair issue fails
   ok   [closure-and-attempt-records] contract_defect naming its repair issue passes
   ok   [closure-and-attempt-records] an attempt_id that disagrees with started_at fails
   ok   [closure-and-attempt-records] a closure record with no verifier and a malformed spec_digest fails
Initialized repo in "."
Working copy  (@) now at: lqtsvkqm 3ca05ed7 (empty) (no description set)
Parent commit (@-)      : qtzxplkr 389bee61 candidate
Working copy  (@) now at: tslpqzoo d6338b9e (empty) (no description set)
Parent commit (@-)      : lqtsvkqm 5f6a6d01 bookkeeping
Created 1 bookmarks pointing to lqtsvkqm 5f6a6d01 main | bookkeeping
Changes to push to origin:
  bookmark: main [add to 5f6a6d01f6ef]
   ok   [closure-and-attempt-records] a canonical zero-exit verifier log with an exact digest passes
Initialized repo in "."
Working copy  (@) now at: wyvzmmtk 79765523 (empty) (no description set)
Parent commit (@-)      : rypntlwm 3fa20d5b candidate
Working copy  (@) now at: vurpwnqz 0ec17154 (empty) (no description set)
Parent commit (@-)      : wyvzmmtk 8d747fcb bookkeeping
Created 1 bookmarks pointing to wyvzmmtk 8d747fcb main | bookkeeping
Changes to push to origin:
  bookmark: main [add to 8d747fcbd4fe]
   ok   [closure-and-attempt-records] a closure verifier mutation (empty-id) fails closed
Initialized repo in "."
Working copy  (@) now at: nwynomsn dd854fe9 (empty) (no description set)
Parent commit (@-)      : soqomyzo 1b10e3ca candidate
Working copy  (@) now at: qnsxkxmn 231ac409 (empty) (no description set)
Parent commit (@-)      : nwynomsn 8fe335ab bookkeeping
Created 1 bookmarks pointing to nwynomsn 8fe335ab main | bookkeeping
Changes to push to origin:
  bookmark: main [add to 8fe335abb7b6]
   ok   [closure-and-attempt-records] a closure verifier mutation (unsafe-id) fails closed
Initialized repo in "."
Working copy  (@) now at: rlmqnowm 00f79c7a (empty) (no description set)
Parent commit (@-)      : mwqrqvrt 1b40b6c4 candidate
Working copy  (@) now at: zktlwmxw c0d55425 (empty) (no description set)
Parent commit (@-)      : rlmqnowm c68b293f bookkeeping
Created 1 bookmarks pointing to rlmqnowm c68b293f main | bookkeeping
Changes to push to origin:
  bookmark: main [add to c68b293f747c]
   ok   [closure-and-attempt-records] a closure verifier mutation (empty-path) fails closed
Initialized repo in "."
Working copy  (@) now at: npypxxmp 6db035d1 (empty) (no description set)
Parent commit (@-)      : qnruxttm 762382a0 candidate
Working copy  (@) now at: qqxxwvtp 4cc15463 (empty) (no description set)
Parent commit (@-)      : npypxxmp 42339b93 bookkeeping
Created 1 bookmarks pointing to npypxxmp 42339b93 main | bookkeeping
Changes to push to origin:
  bookmark: main [add to 42339b93372b]
   ok   [closure-and-attempt-records] a closure verifier mutation (arbitrary-path) fails closed
Initialized repo in "."
Working copy  (@) now at: muqlqmyq bbbcebc0 (empty) (no description set)
Parent commit (@-)      : nlpsuxrk f7ce2ee2 candidate
Working copy  (@) now at: oxoszkwk 1f2008ad (empty) (no description set)
Parent commit (@-)      : muqlqmyq 9246ae0f bookkeeping
Created 1 bookmarks pointing to muqlqmyq 9246ae0f main | bookkeeping
Changes to push to origin:
  bookmark: main [add to 9246ae0fd5a3]
   ok   [closure-and-attempt-records] a closure verifier mutation (relative-path) fails closed
Initialized repo in "."
Working copy  (@) now at: qskzkwlr ac656aec (empty) (no description set)
Parent commit (@-)      : wwmnwzvw 00296f71 candidate
Working copy  (@) now at: pssnrtxl 6a826104 (empty) (no description set)
Parent commit (@-)      : qskzkwlr 325de173 bookkeeping
Created 1 bookmarks pointing to qskzkwlr 325de173 main | bookkeeping
Changes to push to origin:
  bookmark: main [add to 325de17345a8]
   ok   [closure-and-attempt-records] a closure verifier mutation (self-path) fails closed
Initialized repo in "."
Working copy  (@) now at: rmotzmqt 56954fb6 (empty) (no description set)
Parent commit (@-)      : rkxlvoqp df95aa23 candidate
Working copy  (@) now at: rtytnpts 6b4b410c (empty) (no description set)
Parent commit (@-)      : rmotzmqt 4dc010bc bookkeeping
Created 1 bookmarks pointing to rmotzmqt 4dc010bc main | bookkeeping
Changes to push to origin:
  bookmark: main [add to 4dc010bc92a1]
   ok   [closure-and-attempt-records] a closure verifier mutation (duplicate) fails closed
Initialized repo in "."
Working copy  (@) now at: rrmpropw d791c583 (empty) (no description set)
Parent commit (@-)      : ptntkuxt 466169e2 candidate
Working copy  (@) now at: wuylommo 33a4887d (empty) (no description set)
Parent commit (@-)      : rrmpropw 9ec59843 bookkeeping
Created 1 bookmarks pointing to rrmpropw 9ec59843 main | bookkeeping
Changes to push to origin:
  bookmark: main [add to 9ec598438d6c]
   ok   [closure-and-attempt-records] a closure verifier mutation (nonzero) fails closed
Initialized repo in "."
Working copy  (@) now at: znsrqltz 572c3ee9 (empty) (no description set)
Parent commit (@-)      : ktltsryu 83e4a52f candidate
Working copy  (@) now at: puqnmuyx 02ef4e17 (empty) (no description set)
Parent commit (@-)      : znsrqltz e29f1f60 bookkeeping
Created 1 bookmarks pointing to znsrqltz e29f1f60 main | bookkeeping
Changes to push to origin:
  bookmark: main [add to e29f1f6097da]
   ok   [closure-and-attempt-records] a closure verifier mutation (empty-command) fails closed
Initialized repo in "."
Working copy  (@) now at: ktzmlmxl c9690ab7 (empty) (no description set)
Parent commit (@-)      : kuvxwypz feef0191 candidate
Working copy  (@) now at: wtpsorks 5f47f9f1 (empty) (no description set)
Parent commit (@-)      : ktzmlmxl 5b4ad26a bookkeeping
Created 1 bookmarks pointing to ktzmlmxl 5b4ad26a main | bookkeeping
Changes to push to origin:
  bookmark: main [add to 5b4ad26a4550]
   ok   [closure-and-attempt-records] a closure verifier mutation (empty-digest) fails closed
Initialized repo in "."
Working copy  (@) now at: zuvpuypx 0b2c3573 (empty) (no description set)
Parent commit (@-)      : uwlyxlqs 7258ea61 candidate
Working copy  (@) now at: xnxzyzto 177fdfc9 (empty) (no description set)
Parent commit (@-)      : zuvpuypx 90493625 bookkeeping
Created 1 bookmarks pointing to zuvpuypx 90493625 main | bookkeeping
Changes to push to origin:
  bookmark: main [add to 904936254e3f]
   ok   [closure-and-attempt-records] a closure verifier mutation (missing-artifact) fails closed
-- scripts/tests/conformance-index.test.sh
   ok   [conformance-index] absent suite exits 0
   ok   [conformance-index] absent suite with the format document gutted fails rather than skipping
   ok   [conformance-index] a present but empty suite fails
   ok   [conformance-index] index matching the files on disk passes
   ok   [conformance-index] a vector on disk and absent from the index fails
   ok   [conformance-index] a vector indexed and absent from disk fails
   ok   [conformance-index] a vector violating the fenced schema fails
-- scripts/tests/crate-map.test.sh
   ok   [crate-map] the repository as it stands passes
   ok   [crate-map] an absent crate map fails
   ok   [crate-map] a graph crates/ url with no row fails
   ok   [crate-map] a workspace member with no row fails
   ok   [crate-map] a dependency the row does not permit fails
   ok   [crate-map] a row that is not transitively closed fails
   ok   [crate-map] a cycle in the permitted-dependency relation fails
-- scripts/tests/derived-edges.test.sh
   ok   [derived-edges] empty subject exits 0
   ok   [derived-edges] empty subject with the rule text deleted fails rather than skipping
   ok   [derived-edges] unparsable plan fails
   ok   [derived-edges] a plan whose derived edges rebuild exactly passes
   ok   [derived-edges] a stored edge set that omits a rebuilt edge fails
   ok   [derived-edges] two ProviderBindings for one requirement fail
-- scripts/tests/experiment-manifests.test.sh
   ok   [experiment-manifests] no registered manifests exits 0
   ok   [experiment-manifests] no manifests and a gutted README fails rather than skipping
   ok   [experiment-manifests] a valid protocol and a matching run pass
   ok   [experiment-manifests] a run whose protocol_digest does not match fails
   ok   [experiment-manifests] a baseline_condition that resolves to nothing fails
   ok   [experiment-manifests] a primary_metric that resolves to nothing fails
   ok   [experiment-manifests] an unparsable protocol fails
-- scripts/tests/invariant-coverage.test.sh
   ok   [invariant-coverage] the repository as it stands passes
   ok   [invariant-coverage] a section with no Coverage line fails
   ok   [invariant-coverage] a section with two Coverage lines fails
   ok   [invariant-coverage] a coverage state the catalog does not list fails
   ok   [invariant-coverage] a catalog with no coverage-state list fails
-- scripts/tests/mission-stop-condition.test.sh
Initialized repo in "."
Working copy  (@) now at: zxornruk 6fbf98b4 (empty) (no description set)
Parent commit (@-)      : qxvnwwzp 0d220b6a candidate
   ok   [mission-stop-condition] bare mode reports waived #50/#54 as unsatisfied
   ok   [mission-stop-condition] gate mode rejects missing waived Atoms
   ok   [mission-stop-condition] gate names the second missing waived Atom
Initialized repo in "."
Working copy  (@) now at: xskqmqxn f8e3b32c (empty) (no description set)
Parent commit (@-)      : mkznvxys 68fe1954 candidate
Working copy  (@) now at: mypysxns 58c93864 (empty) (no description set)
Parent commit (@-)      : xskqmqxn 461a0aeb bookkeeping
Changes to push to origin:
  bookmark: main [add to 461a0aeb1680]
Working copy  (@) now at: uyymwqwx 3f8c8f53 (empty) (no description set)
Parent commit (@-)      : mypysxns 3827f6ba bookkeeping
Changes to push to origin:
  bookmark: main [move forward from 461a0aeb1680 to 3827f6baf56e]
   ok   [mission-stop-condition] preclose permits only absent #69 after all row closures pass
   ok   [mission-stop-condition] final gate still requires #69
Initialized repo in "."
Working copy  (@) now at: sxlqnlxu 56865b53 (empty) (no description set)
Parent commit (@-)      : quyununw ba80468d candidate
Working copy  (@) now at: montmtwq 2d577037 (empty) (no description set)
Parent commit (@-)      : sxlqnlxu 814e9365 bookkeeping
Changes to push to origin:
  bookmark: main [add to 814e936501d2]
Working copy  (@) now at: mmzpqkkz fd758625 (empty) (no description set)
Parent commit (@-)      : montmtwq c467069b bookkeeping
Changes to push to origin:
  bookmark: main [move forward from 814e936501d2 to c467069be98d]
Working copy  (@) now at: xoqoolsy e704a81f (empty) (no description set)
Parent commit (@-)      : mmzpqkkz 76c5f6db bookkeeping
Changes to push to origin:
  bookmark: main [move forward from c467069be98d to 76c5f6db5be4]
   ok   [mission-stop-condition] canonical records and exact waiver propagation pass
Initialized repo in "."
Working copy  (@) now at: onqzpsql f8ac8dd4 (empty) (no description set)
Parent commit (@-)      : yoyvxwpp b1b67704 candidate
Working copy  (@) now at: kopzozrt 7a193b84 (empty) (no description set)
Parent commit (@-)      : onqzpsql 872cb20c bookkeeping
Changes to push to origin:
  bookmark: main [add to 872cb20c9798]
Working copy  (@) now at: uputkxpy 4ec198ff (empty) (no description set)
Parent commit (@-)      : kopzozrt 7bd91053 bookkeeping
Changes to push to origin:
  bookmark: main [move forward from 872cb20c9798 to 7bd9105335e7]
Working copy  (@) now at: zqsuuxqm cbc76a72 (empty) (no description set)
Parent commit (@-)      : uputkxpy e06d6d93 bookkeeping
Changes to push to origin:
  bookmark: main [move forward from 7bd9105335e7 to e06d6d9382b9]
   ok   [mission-stop-condition] documented comma-separated Atom list syntax is accepted
Initialized repo in "."
Working copy  (@) now at: snouxqox 26beb33d (empty) (no description set)
Parent commit (@-)      : wpynvmvk c39f8ca0 candidate
Working copy  (@) now at: uylykwqv e17e85d3 (empty) (no description set)
Parent commit (@-)      : snouxqox ddb60107 bookkeeping
Changes to push to origin:
  bookmark: main [add to ddb60107c53a]
Working copy  (@) now at: qlpymrqw 543b9e20 (empty) (no description set)
Parent commit (@-)      : uylykwqv 0bbe5f50 bookkeeping
Changes to push to origin:
  bookmark: main [move forward from ddb60107c53a to 0bbe5f50ad5c]
Working copy  (@) now at: wnpnnool 82f2ce37 (empty) (no description set)
Parent commit (@-)      : qlpymrqw af1a9c8c bookkeeping
Changes to push to origin:
  bookmark: main [move forward from 0bbe5f50ad5c to af1a9c8c5925]
   ok   [mission-stop-condition] missing #69 waiver propagation fails
Initialized repo in "."
Working copy  (@) now at: klpussqx 73e72bda (empty) (no description set)
Parent commit (@-)      : nrsrpmts 18db40d6 candidate
Working copy  (@) now at: wkrqnxpn 6d750018 (empty) (no description set)
Parent commit (@-)      : klpussqx 581cfdcd bookkeeping
Changes to push to origin:
  bookmark: main [add to 581cfdcd3379]
   ok   [mission-stop-condition] invalid digest evidence is a structural failure
Initialized repo in "."
Working copy  (@) now at: ktxurusw 4c7b110f (empty) (no description set)
Parent commit (@-)      : oqvotptp f6a6cccb candidate
Working copy  (@) now at: qtowlsuw b960b7ec (empty) (no description set)
Parent commit (@-)      : ktxurusw 5c18e188 bookkeeping
Changes to push to origin:
  bookmark: main [add to 5c18e188a968]
   ok   [mission-stop-condition] invalid path evidence is a structural failure
Initialized repo in "."
Working copy  (@) now at: srvrtumm 10c55c00 (empty) (no description set)
Parent commit (@-)      : yklzvwuw c0f578ef candidate
Working copy  (@) now at: xlvroqty 3059cfba (empty) (no description set)
Parent commit (@-)      : srvrtumm bff212a6 bookkeeping
Changes to push to origin:
  bookmark: main [add to bff212a61e23]
   ok   [mission-stop-condition] invalid exit evidence is a structural failure
Initialized repo in "."
Working copy  (@) now at: qnqznzol a0ee53fb (empty) (no description set)
Parent commit (@-)      : wnnrunrx 6f8d1390 candidate
   ok   [mission-stop-condition] a waiver split across physical lines fails
Initialized repo in "."
Working copy  (@) now at: qttvuzrq e12b6d1c (empty) (no description set)
Parent commit (@-)      : twtvyxlp 0294981a candidate
   ok   [mission-stop-condition] duplicate Atom/metric waivers fail
Initialized repo in "."
Working copy  (@) now at: oqwqtqty 6dc29d8e (empty) (no description set)
Parent commit (@-)      : srtnszxz ae974dd0 candidate
   ok   [mission-stop-condition] waiver for an Atom absent from the table fails
Initialized repo in "."
Working copy  (@) now at: nnnnqmku 2ec0568f (empty) (no description set)
Parent commit (@-)      : zpksuyyk 52bf3487 candidate
   ok   [mission-stop-condition] rejects atom_alias in every gate input
Initialized repo in "."
Working copy  (@) now at: qvvqtwty 4cc9e11d (empty) (no description set)
Parent commit (@-)      : swowooxt e5f4c916 candidate
   ok   [mission-stop-condition] rejects atom_residue in every gate input
Initialized repo in "."
Working copy  (@) now at: zsnwuqkk 2cb94bd2 (empty) (no description set)
Parent commit (@-)      : rxolsvyz f28e032e candidate
   ok   [mission-stop-condition] rejects atom_decimal in every gate input
Initialized repo in "."
Working copy  (@) now at: ksmtkmly 790e48d4 (empty) (no description set)
Parent commit (@-)      : orsmmzun ec316a88 candidate
   ok   [mission-stop-condition] rejects atom_text in every gate input
Initialized repo in "."
Working copy  (@) now at: suyunxrm b6563081 (empty) (no description set)
Parent commit (@-)      : xxumpyyo db95bd53 candidate
   ok   [mission-stop-condition] rejects row_duplicate in every gate input
Initialized repo in "."
Working copy  (@) now at: rmzlvqyo fb396e18 (empty) (no description set)
Parent commit (@-)      : wvxtrwvq 699cc99d candidate
   ok   [mission-stop-condition] rejects row_gap in every gate input
Initialized repo in "."
Working copy  (@) now at: uvuqotlr f9d11b80 (empty) (no description set)
Parent commit (@-)      : zvxsmoou cd544ac7 candidate
   ok   [mission-stop-condition] rejects atom_duplicate in every gate input
Initialized repo in "."
Working copy  (@) now at: ottrspnr efe4c5a3 (empty) (no description set)
Parent commit (@-)      : ovwrowqr bd3d53ed candidate
   ok   [mission-stop-condition] heading removal after shell preflight fails report mode's Python fallback
Initialized repo in "."
Working copy  (@) now at: xxksmorn a1c3af4a (empty) (no description set)
Parent commit (@-)      : zqkqxrou 4885ed07 candidate
   ok   [mission-stop-condition] heading removal after shell preflight fails gate mode's Python fallback
Initialized repo in "."
Working copy  (@) now at: vtzmoyxy 6490a695 (empty) (no description set)
Parent commit (@-)      : zpxzsxwr 4594092d candidate
   ok   [mission-stop-condition] heading removal after shell preflight fails preclose mode's Python fallback
Initialized repo in "."
Working copy  (@) now at: quolrwll 07b8c750 (empty) (no description set)
Parent commit (@-)      : rmxrzlnl 2e64bb31 candidate
   ok   [mission-stop-condition] waiver metrics are globally unique across Atoms
Initialized repo in "."
Working copy  (@) now at: owunpmvw 57dcf338 (empty) (no description set)
Parent commit (@-)      : mypzkzmk 7ec1206b candidate
   ok   [mission-stop-condition] missing plan fails bare mode
   ok   [mission-stop-condition] missing plan fails --gate
   ok   [mission-stop-condition] missing plan fails --preclose
Initialized repo in "."
Working copy  (@) now at: yrrrkpvz e6815967 (empty) (no description set)
Parent commit (@-)      : synvvzry 74b511c0 candidate
   ok   [mission-stop-condition] missing table fails bare mode
   ok   [mission-stop-condition] missing table fails --gate
   ok   [mission-stop-condition] missing table fails --preclose
Initialized repo in "."
Working copy  (@) now at: oyspytpm c2e72b6c (empty) (no description set)
Parent commit (@-)      : nzstkowo ee66f82e candidate
   ok   [mission-stop-condition] missing runbook fails bare mode
   ok   [mission-stop-condition] missing runbook fails --gate
   ok   [mission-stop-condition] missing runbook fails --preclose
Initialized repo in "."
Working copy  (@) now at: koqpkyvr d66b66f4 (empty) (no description set)
Parent commit (@-)      : sytzpsmu 2d7277f4 candidate
   ok   [mission-stop-condition] missing sentence fails bare mode
   ok   [mission-stop-condition] missing sentence fails --gate
   ok   [mission-stop-condition] missing sentence fails --preclose
   ok   [mission-stop-condition] unsupported preclose id is rejected
   ok   [mission-stop-condition] preclose cannot be combined with gate
   ok   [mission-stop-condition] preclose requires its Atom id
-- scripts/tests/spec-digests.test.sh
   ok   [spec-digests] no snapshots and no records exits 0
   ok   [spec-digests] no snapshots and a gutted rule fails rather than skipping
   ok   [spec-digests] an LF snapshot whose digest recomputes passes
   ok   [spec-digests] a snapshot captured with CRLF fails
   ok   [spec-digests] a spec_digest that disagrees with its snapshot fails
   ok   [spec-digests] a spec_digest with no committed snapshot fails
OK: 10 checker test file(s) passed.
OK: 1 closure record(s) valid with every artifact digest matching, and 1 attempt record(s) valid.
OK: formal/conformance/ does not exist yet (#7 owns it); the vector format and index rule are stated and unchanged.
OK: 12 crate rows cover every graph url and every workspace member; every declared dependency is permitted; the relation is acyclic and transitively closed.
OK: one hard-dependency kind set: Atom
OK: no published PlanRevision under artifacts/plans/*/plan.json yet; the derived-edge rule is stated and unchanged.
OK: seven effect classes, agreed across three sites.
OK: seven evidence-binding components, agreed across six sites.
OK: 11 protocol(s) and 0 run(s) valid; baseline_condition and primary_metric resolve; every protocol_digest matches.
OK: every integration verifier names an adapter-executable command.
OK: 34 invariant sections, each with exactly one **Coverage:** line drawn from 6 catalog states.
OK: 18 acceptance rows naming 51 distinct Atoms.
UNSATISFIED  mission record artifacts/atoms/69/closure.json: no closure record
WAIVER       unresolved_human_metric: #50 — operator-comprehension rating — the ontology ablation scores how quickly a person understands a Mission's decomposition; no machine proxy measures comprehension, and substituting one would answer a different question than the hypothesis asks.
WAIVER       unresolved_human_metric: #54 — operator/manual correction count — counts corrections a human chose to make against a mutable-status baseline; the count is defined by human intervention, so it cannot be synthesized.
UNSATISFIED  row 1: define a Project/Mission/PlanRevision/Initiative/Atom graph through a typed interface
             #9: no closure record at artifacts/atoms/9/closure.json
             #55: no closure record at artifacts/atoms/55/closure.json
             #58: no closure record at artifacts/atoms/58/closure.json
             #44: no closure record at artifacts/atoms/44/closure.json
             #45: no closure record at artifacts/atoms/45/closure.json
UNSATISFIED  row 2: reject structurally invalid decomposition/dependency state
             #10: no closure record at artifacts/atoms/10/closure.json
UNSATISFIED  row 3: persist canonical work/events and rebuild derived state deterministically
             #12: no closure record at artifacts/atoms/12/closure.json
             #25: no closure record at artifacts/atoms/25/closure.json
             #26: no closure record at artifacts/atoms/26/closure.json
UNSATISFIED  row 4: derive ready/blocked work without mutable workflow-status truth
             #13: no closure record at artifacts/atoms/13/closure.json
UNSATISFIED  row 5: schedule compatible Atoms across one or more heterogeneous workers
             #20: no closure record at artifacts/atoms/20/closure.json
             #21: no closure record at artifacts/atoms/21/closure.json
             #24: no closure record at artifacts/atoms/24/closure.json
UNSATISFIED  row 6: create isolated workspaces from exact base states
             #29: no closure record at artifacts/atoms/29/closure.json
             #30: no closure record at artifacts/atoms/30/closure.json
UNSATISFIED  row 7: associate evolving implementations with logical change ids and frozen candidates with exact state ids
             #31: no closure record at artifacts/atoms/31/closure.json
UNSATISFIED  row 8: coordinate declared/observed semantic resource claims and leases
             #22: no closure record at artifacts/atoms/22/closure.json
             #23: no closure record at artifacts/atoms/23/closure.json
UNSATISFIED  row 9: run verifiers against exact candidates and store provenance-bound evidence
             #16: no closure record at artifacts/atoms/16/closure.json
             #17: no closure record at artifacts/atoms/17/closure.json
             #33: no closure record at artifacts/atoms/33/closure.json
UNSATISFIED  row 10: invalidate stale evidence when relevant identity changes
             #15: no closure record at artifacts/atoms/15/closure.json
UNSATISFIED  row 11: integrate independent candidates explicitly and re-verify composition
             #32: no closure record at artifacts/atoms/32/closure.json
UNSATISFIED  row 12: prevent Worker authority from moving accepted or deployed frontiers
             #18: no closure record at artifacts/atoms/18/closure.json
UNSATISFIED  row 13: promote an accepted frontier with race-safe compare-and-swap semantics
             #19: no closure record at artifacts/atoms/19/closure.json
             #27: no closure record at artifacts/atoms/27/closure.json
UNSATISFIED  row 14: replay after process failure without repeating nondeterministic effects
             #11: no closure record at artifacts/atoms/11/closure.json
             #26: no closure record at artifacts/atoms/26/closure.json
             #28: no closure record at artifacts/atoms/28/closure.json
UNSATISFIED  row 15: expose CLI/API surfaces usable by humans and agent harnesses
             #44: no closure record at artifacts/atoms/44/closure.json
             #45: no closure record at artifacts/atoms/45/closure.json
             #46: no closure record at artifacts/atoms/46/closure.json
UNSATISFIED  row 16: run the project's own Atom workflow through Gordian as a self-hosting proof
             #48: no closure record at artifacts/atoms/48/closure.json
             #49: no closure record at artifacts/atoms/49/closure.json
UNSATISFIED  row 17: publish benchmark and falsification evidence for the major Gordian-specific hypotheses
             #34: no closure record at artifacts/atoms/34/closure.json
             #37: no closure record at artifacts/atoms/37/closure.json
             #39: no closure record at artifacts/atoms/39/closure.json
             #50: no closure record at artifacts/atoms/50/closure.json
             #51: no closure record at artifacts/atoms/51/closure.json
             #52: no closure record at artifacts/atoms/52/closure.json
             #53: no closure record at artifacts/atoms/53/closure.json
             #54: no closure record at artifacts/atoms/54/closure.json
             #59: no closure record at artifacts/atoms/59/closure.json
             #60: no closure record at artifacts/atoms/60/closure.json
             #61: no closure record at artifacts/atoms/61/closure.json
             #68: no closure record at artifacts/atoms/68/closure.json
             #75: no closure record at artifacts/atoms/75/closure.json
             #76: no closure record at artifacts/atoms/76/closure.json
             #77: no closure record at artifacts/atoms/77/closure.json
UNSATISFIED  row 18: keep the research knowledge graph synchronized with implemented/falsified concepts
             #8: no closure record at artifacts/atoms/8/closure.json
             #71: no closure record at artifacts/atoms/71/closure.json
             #72: no closure record at artifacts/atoms/72/closure.json
             #73: no closure record at artifacts/atoms/73/closure.json
             #74: no closure record at artifacts/atoms/74/closure.json
Mission incomplete: 18 of 18 acceptance rows unsatisfied.
OK: nanoda is disabled in CI and no node claims it as a verifier.
OK: seven readiness predicates, one definition each.
OK: no predicate body reads a wall clock.
OK: the three Satisfied definitions agree.
computed closure(#49) = [1, 2, 3, 4, 5, 6, 7, 8, 9, 10, 11, 12, 13, 14, 15, 16, 17, 18, 19, 20, 21, 22, 23, 24, 25, 26, 27, 28, 29, 30, 31, 32, 33, 35, 36, 38, 44, 45, 46, 48, 58, 71, 72]
OK: 43 Atoms in closure(#49); 77 registry identities covered with no orphan.
OK: 2 spec snapshot(s) LF-normalized, 1 closure record(s) carry a digest that recomputes.
OK: no hedging vocabulary; every experiment names a class.
clean: 57 target-crate owners
exit_code=0
